Archive member included to satisfy reference by file (symbol)

c:/opt/ac6/systemworkbench/plugins/fr.ac6.mcu.externaltools.arm-none.win32_1.15.0.201708311556/tools/compiler/bin/../lib/gcc/arm-none-eabi/6.3.1/../../../../arm-none-eabi/lib/thumb/v7-m\libc.a(lib_a-errno.o)
                              src/syscalls.o (__errno)
c:/opt/ac6/systemworkbench/plugins/fr.ac6.mcu.externaltools.arm-none.win32_1.15.0.201708311556/tools/compiler/bin/../lib/gcc/arm-none-eabi/6.3.1/../../../../arm-none-eabi/lib/thumb/v7-m\libc.a(lib_a-exit.o)
                              c:/opt/ac6/systemworkbench/plugins/fr.ac6.mcu.externaltools.arm-none.win32_1.15.0.201708311556/tools/compiler/bin/../lib/gcc/arm-none-eabi/6.3.1/../../../../arm-none-eabi/lib/thumb/v7-m/crt0.o (exit)
c:/opt/ac6/systemworkbench/plugins/fr.ac6.mcu.externaltools.arm-none.win32_1.15.0.201708311556/tools/compiler/bin/../lib/gcc/arm-none-eabi/6.3.1/../../../../arm-none-eabi/lib/thumb/v7-m\libc.a(lib_a-impure.o)
                              c:/opt/ac6/systemworkbench/plugins/fr.ac6.mcu.externaltools.arm-none.win32_1.15.0.201708311556/tools/compiler/bin/../lib/gcc/arm-none-eabi/6.3.1/../../../../arm-none-eabi/lib/thumb/v7-m\libc.a(lib_a-exit.o) (_global_impure_ptr)
c:/opt/ac6/systemworkbench/plugins/fr.ac6.mcu.externaltools.arm-none.win32_1.15.0.201708311556/tools/compiler/bin/../lib/gcc/arm-none-eabi/6.3.1/../../../../arm-none-eabi/lib/thumb/v7-m\libc.a(lib_a-init.o)
                              c:/opt/ac6/systemworkbench/plugins/fr.ac6.mcu.externaltools.arm-none.win32_1.15.0.201708311556/tools/compiler/bin/../lib/gcc/arm-none-eabi/6.3.1/../../../../arm-none-eabi/lib/thumb/v7-m/crt0.o (__libc_init_array)
c:/opt/ac6/systemworkbench/plugins/fr.ac6.mcu.externaltools.arm-none.win32_1.15.0.201708311556/tools/compiler/bin/../lib/gcc/arm-none-eabi/6.3.1/../../../../arm-none-eabi/lib/thumb/v7-m\libc.a(lib_a-itoa.o)
                              src/ds1302.o (itoa)
c:/opt/ac6/systemworkbench/plugins/fr.ac6.mcu.externaltools.arm-none.win32_1.15.0.201708311556/tools/compiler/bin/../lib/gcc/arm-none-eabi/6.3.1/../../../../arm-none-eabi/lib/thumb/v7-m\libc.a(lib_a-malloc.o)
                              src/ds1302.o (malloc)
c:/opt/ac6/systemworkbench/plugins/fr.ac6.mcu.externaltools.arm-none.win32_1.15.0.201708311556/tools/compiler/bin/../lib/gcc/arm-none-eabi/6.3.1/../../../../arm-none-eabi/lib/thumb/v7-m\libc.a(lib_a-mallocr.o)
                              c:/opt/ac6/systemworkbench/plugins/fr.ac6.mcu.externaltools.arm-none.win32_1.15.0.201708311556/tools/compiler/bin/../lib/gcc/arm-none-eabi/6.3.1/../../../../arm-none-eabi/lib/thumb/v7-m\libc.a(lib_a-malloc.o) (_malloc_r)
c:/opt/ac6/systemworkbench/plugins/fr.ac6.mcu.externaltools.arm-none.win32_1.15.0.201708311556/tools/compiler/bin/../lib/gcc/arm-none-eabi/6.3.1/../../../../arm-none-eabi/lib/thumb/v7-m\libc.a(lib_a-memcpy.o)
                              src/uart.o (memcpy)
c:/opt/ac6/systemworkbench/plugins/fr.ac6.mcu.externaltools.arm-none.win32_1.15.0.201708311556/tools/compiler/bin/../lib/gcc/arm-none-eabi/6.3.1/../../../../arm-none-eabi/lib/thumb/v7-m\libc.a(lib_a-memset.o)
                              c:/opt/ac6/systemworkbench/plugins/fr.ac6.mcu.externaltools.arm-none.win32_1.15.0.201708311556/tools/compiler/bin/../lib/gcc/arm-none-eabi/6.3.1/../../../../arm-none-eabi/lib/thumb/v7-m/crt0.o (memset)
c:/opt/ac6/systemworkbench/plugins/fr.ac6.mcu.externaltools.arm-none.win32_1.15.0.201708311556/tools/compiler/bin/../lib/gcc/arm-none-eabi/6.3.1/../../../../arm-none-eabi/lib/thumb/v7-m\libc.a(lib_a-mlock.o)
                              c:/opt/ac6/systemworkbench/plugins/fr.ac6.mcu.externaltools.arm-none.win32_1.15.0.201708311556/tools/compiler/bin/../lib/gcc/arm-none-eabi/6.3.1/../../../../arm-none-eabi/lib/thumb/v7-m\libc.a(lib_a-mallocr.o) (__malloc_lock)
c:/opt/ac6/systemworkbench/plugins/fr.ac6.mcu.externaltools.arm-none.win32_1.15.0.201708311556/tools/compiler/bin/../lib/gcc/arm-none-eabi/6.3.1/../../../../arm-none-eabi/lib/thumb/v7-m\libc.a(lib_a-printf.o)
                              src/BC35.o (printf)
c:/opt/ac6/systemworkbench/plugins/fr.ac6.mcu.externaltools.arm-none.win32_1.15.0.201708311556/tools/compiler/bin/../lib/gcc/arm-none-eabi/6.3.1/../../../../arm-none-eabi/lib/thumb/v7-m\libc.a(lib_a-puts.o)
                              src/BC35.o (puts)
c:/opt/ac6/systemworkbench/plugins/fr.ac6.mcu.externaltools.arm-none.win32_1.15.0.201708311556/tools/compiler/bin/../lib/gcc/arm-none-eabi/6.3.1/../../../../arm-none-eabi/lib/thumb/v7-m\libc.a(lib_a-sbrkr.o)
                              c:/opt/ac6/systemworkbench/plugins/fr.ac6.mcu.externaltools.arm-none.win32_1.15.0.201708311556/tools/compiler/bin/../lib/gcc/arm-none-eabi/6.3.1/../../../../arm-none-eabi/lib/thumb/v7-m\libc.a(lib_a-mallocr.o) (_sbrk_r)
[...]
Memory Configuration

Name             Origin             Length             Attributes
RAM              0x20000000         0x00005000         xrw
ROM              0x08000000         0x00010000         xr
*default*        0x00000000         0xffffffff

Linker script and memory map

LOAD c:/opt/ac6/systemworkbench/plugins/fr.ac6.mcu.externaltools.arm-none.win32_1.15.0.201708311556/tools/compiler/bin/../lib/gcc/arm-none-eabi/6.3.1/thumb/v7-m/crti.o
LOAD c:/opt/ac6/systemworkbench/plugins/fr.ac6.mcu.externaltools.arm-none.win32_1.15.0.201708311556/tools/compiler/bin/../lib/gcc/arm-none-eabi/6.3.1/thumb/v7-m/crtbegin.o
LOAD c:/opt/ac6/systemworkbench/plugins/fr.ac6.mcu.externaltools.arm-none.win32_1.15.0.201708311556/tools/compiler/bin/../lib/gcc/arm-none-eabi/6.3.1/../../../../arm-none-eabi/lib/thumb/v7-m/crt0.o
LOAD CMSIS/core/core_cm3.o
LOAD StdPeriph_Driver/src/misc.o
LOAD StdPeriph_Driver/src/stm32f10x_adc.o
LOAD StdPeriph_Driver/src/stm32f10x_bkp.o
LOAD StdPeriph_Driver/src/stm32f10x_can.o
LOAD StdPeriph_Driver/src/stm32f10x_cec.o
LOAD StdPeriph_Driver/src/stm32f10x_crc.o
LOAD StdPeriph_Driver/src/stm32f10x_dac.o
LOAD StdPeriph_Driver/src/stm32f10x_dbgmcu.o
LOAD StdPeriph_Driver/src/stm32f10x_dma.o
LOAD StdPeriph_Driver/src/stm32f10x_exti.o
LOAD StdPeriph_Driver/src/stm32f10x_flash.o
LOAD StdPeriph_Driver/src/stm32f10x_fsmc.o
LOAD StdPeriph_Driver/src/stm32f10x_gpio.o
LOAD StdPeriph_Driver/src/stm32f10x_i2c.o
LOAD StdPeriph_Driver/src/stm32f10x_iwdg.o
LOAD StdPeriph_Driver/src/stm32f10x_pwr.o
LOAD StdPeriph_Driver/src/stm32f10x_rcc.o
LOAD StdPeriph_Driver/src/stm32f10x_rtc.o
LOAD StdPeriph_Driver/src/stm32f10x_sdio.o
LOAD StdPeriph_Driver/src/stm32f10x_spi.o
LOAD StdPeriph_Driver/src/stm32f10x_tim.o
LOAD StdPeriph_Driver/src/stm32f10x_usart.o
LOAD StdPeriph_Driver/src/stm32f10x_wwdg.o
LOAD src/BC35.o
LOAD src/delay.o
LOAD src/ds1302.o
LOAD src/led.o
LOAD src/main.o
LOAD src/syscalls.o
LOAD src/system_stm32f10x.o
LOAD src/timer.o
LOAD src/tm1638.o
LOAD src/uart.o
LOAD startup/startup_stm32.o
LOAD c:/opt/ac6/systemworkbench/plugins/fr.ac6.mcu.externaltools.arm-none.win32_1.15.0.201708311556/tools/compiler/bin/../lib/gcc/arm-none-eabi/6.3.1/../../../../arm-none-eabi/lib/thumb/v7-m\libm.a
START GROUP
LOAD c:/opt/ac6/systemworkbench/plugins/fr.ac6.mcu.externaltools.arm-none.win32_1.15.0.201708311556/tools/compiler/bin/../lib/gcc/arm-none-eabi/6.3.1/thumb/v7-m\libgcc.a
LOAD c:/opt/ac6/systemworkbench/plugins/fr.ac6.mcu.externaltools.arm-none.win32_1.15.0.201708311556/tools/compiler/bin/../lib/gcc/arm-none-eabi/6.3.1/../../../../arm-none-eabi/lib/thumb/v7-m\libc.a
END GROUP
LOAD c:/opt/ac6/systemworkbench/plugins/fr.ac6.mcu.externaltools.arm-none.win32_1.15.0.201708311556/tools/compiler/bin/../lib/gcc/arm-none-eabi/6.3.1/thumb/v7-m/crtend.o
LOAD c:/opt/ac6/systemworkbench/plugins/fr.ac6.mcu.externaltools.arm-none.win32_1.15.0.201708311556/tools/compiler/bin/../lib/gcc/arm-none-eabi/6.3.1/thumb/v7-m/crtn.o
                0x20005000                _estack = 0x20005000
                0x00000000                _Min_Heap_Size = 0x0
                0x00000400                _Min_Stack_Size = 0x400

.isr_vector     0x08000000      0x130
                0x08000000                . = ALIGN (0x4)
 *(.isr_vector)
 .isr_vector    0x08000000      0x130 startup/startup_stm32.o
                0x08000000                g_pfnVectors
                0x08000130                . = ALIGN (0x4)

.text           0x08000130     0xa784
                0x08000130                . = ALIGN (0x4)
 *(.text)
 .text          0x08000130       0x6c c:/opt/ac6/systemworkbench/plugins/fr.ac6.mcu.externaltools.arm-none.win32_1.15.0.201708311556/tools/compiler/bin/../lib/gcc/arm-none-eabi/6.3.1/thumb/v7-m/crtbegin.o
 .text          0x0800019c       0xec c:/opt/ac6/systemworkbench/plugins/fr.ac6.mcu.externaltools.arm-none.win32_1.15.0.201708311556/tools/compiler/bin/../lib/gcc/arm-none-eabi/6.3.1/../../../../arm-none-eabi/lib/thumb/v7-m\libc.a(lib_a-memcpy.o)
                0x0800019c                memcpy
 .text          0x08000288      0x370 c:/opt/ac6/systemworkbench/plugins/fr.ac6.mcu.externaltools.arm-none.win32_1.15.0.201708311556/tools/compiler/bin/../lib/gcc/arm-none-eabi/6.3.1/thumb/v7-m\libgcc.a(_arm_addsubdf3.o)
                0x08000288                __aeabi_drsub
                0x08000290                __aeabi_dsub
                0x08000290                __subdf3
                0x08000294                __aeabi_dadd
                0x08000294                __adddf3
                0x0800050c                __floatunsidf
                0x0800050c                __aeabi_ui2d
                0x0800052c                __floatsidf
                0x0800052c                __aeabi_i2d
                0x08000550                __aeabi_f2d
                0x08000550                __extendsfdf2
                0x0800058c                __floatundidf
                0x0800058c                __aeabi_ul2d
                0x0800059c                __floatdidf
                0x0800059c                __aeabi_l2d
 .text          0x080005f8      0x424 c:/opt/ac6/systemworkbench/plugins/fr.ac6.mcu.externaltools.arm-none.win32_1.15.0.201708311556/tools/compiler/bin/../lib/gcc/arm-none-eabi/6.3.1/thumb/v7-m\libgcc.a(_arm_muldivdf3.o)
                0x080005f8                __aeabi_dmul
                0x080005f8                __muldf3
                0x0800084c                __divdf3
                0x0800084c                __aeabi_ddiv
 .text          0x08000a1c      0x110 c:/opt/ac6/systemworkbench/plugins/fr.ac6.mcu.externaltools.arm-none.win32_1.15.0.201708311556/tools/compiler/bin/../lib/gcc/arm-none-eabi/6.3.1/thumb/v7-m\libgcc.a(_arm_cmpdf2.o)
                0x08000a1c                __gtdf2
                0x08000a1c                __gedf2
                0x08000a24                __ltdf2
                0x08000a24                __ledf2
                0x08000a2c                __nedf2
                0x08000a2c                __eqdf2
                0x08000a2c                __cmpdf2
                0x08000aa8                __aeabi_cdrcmple
                0x08000ab8                __aeabi_cdcmpeq
                0x08000ab8                __aeabi_cdcmple
                0x08000ac8                __aeabi_dcmpeq
                0x08000adc                __aeabi_dcmplt
                0x08000af0                __aeabi_dcmple
                0x08000b04                __aeabi_dcmpge
                0x08000b18                __aeabi_dcmpgt
 .text          0x08000b2c       0x2c c:/opt/ac6/systemworkbench/plugins/fr.ac6.mcu.externaltools.arm-none.win32_1.15.0.201708311556/tools/compiler/bin/../lib/gcc/arm-none-eabi/6.3.1/thumb/v7-m\libgcc.a(_arm_unorddf2.o)
                0x08000b2c                __unorddf2
                0x08000b2c                __aeabi_dcmpun
 .text          0x08000b58       0x50 c:/opt/ac6/systemworkbench/plugins/fr.ac6.mcu.externaltools.arm-none.win32_1.15.0.201708311556/tools/compiler/bin/../lib/gcc/arm-none-eabi/6.3.1/thumb/v7-m\libgcc.a(_arm_fixdfsi.o)
                0x08000b58                __aeabi_d2iz
                0x08000b58                __fixdfsi
 .text          0x08000ba8       0x30 c:/opt/ac6/systemworkbench/plugins/fr.ac6.mcu.externaltools.arm-none.win32_1.15.0.201708311556/tools/compiler/bin/../lib/gcc/arm-none-eabi/6.3.1/thumb/v7-m\libgcc.a(_aeabi_uldivmod.o)
                0x08000ba8                __aeabi_uldivmod
 .text          0x08000bd8      0x2dc c:/opt/ac6/systemworkbench/plugins/fr.ac6.mcu.externaltools.arm-none.win32_1.15.0.201708311556/tools/compiler/bin/../lib/gcc/arm-none-eabi/6.3.1/thumb/v7-m\libgcc.a(_udivmoddi4.o)
                0x08000bd8                __udivmoddi4
 .text          0x08000eb4        0x4 c:/opt/ac6/systemworkbench/plugins/fr.ac6.mcu.externaltools.arm-none.win32_1.15.0.201708311556/tools/compiler/bin/../lib/gcc/arm-none-eabi/6.3.1/thumb/v7-m\libgcc.a(_dvmd_tls.o)
                0x08000eb4                __aeabi_idiv0
                0x08000eb4                __aeabi_ldiv0
 *(.text*)
 .text.NVIC_PriorityGroupConfig
                0x08000eb8       0x24 StdPeriph_Driver/src/misc.o
                0x08000eb8                NVIC_PriorityGroupConfig
 .text.NVIC_Init
                0x08000edc       0xc4 StdPeriph_Driver/src/misc.o
                0x08000edc                NVIC_Init
 .text.SysTick_CLKSourceConfig
                0x08000fa0       0x38 StdPeriph_Driver/src/misc.o
                0x08000fa0                SysTick_CLKSourceConfig
 .text.FLASH_SetLatency
                0x08000fd8       0x38 StdPeriph_Driver/src/stm32f10x_flash.o
                0x08000fd8                FLASH_SetLatency
 .text.FLASH_PrefetchBufferCmd
                0x08001010       0x30 StdPeriph_Driver/src/stm32f10x_flash.o
                0x08001010                FLASH_PrefetchBufferCmd
 .text.GPIO_Init
                0x08001040      0x178 StdPeriph_Driver/src/stm32f10x_gpio.o
                0x08001040                GPIO_Init
 .text.GPIO_ReadInputDataBit
                0x080011b8       0x32 StdPeriph_Driver/src/stm32f10x_gpio.o
                0x080011b8                GPIO_ReadInputDataBit
 .text.GPIO_SetBits
                0x080011ea       0x1c StdPeriph_Driver/src/stm32f10x_gpio.o
                0x080011ea                GPIO_SetBits
 .text.GPIO_ResetBits
                0x08001206       0x1c StdPeriph_Driver/src/stm32f10x_gpio.o
                0x08001206                GPIO_ResetBits
 *fill*         0x08001222        0x2 
 .text.RCC_DeInit
                0x08001224       0x5c StdPeriph_Driver/src/stm32f10x_rcc.o
                0x08001224                RCC_DeInit
 .text.RCC_HSEConfig
                0x08001280       0x5c StdPeriph_Driver/src/stm32f10x_rcc.o
                0x08001280                RCC_HSEConfig
 .text.RCC_WaitForHSEStartUp
                0x080012dc       0x50 StdPeriph_Driver/src/stm32f10x_rcc.o
                0x080012dc                RCC_WaitForHSEStartUp
 .text.RCC_PLLConfig
                0x0800132c       0x3c StdPeriph_Driver/src/stm32f10x_rcc.o
                0x0800132c                RCC_PLLConfig
 .text.RCC_PLLCmd
                0x08001368       0x20 StdPeriph_Driver/src/stm32f10x_rcc.o
                0x08001368                RCC_PLLCmd
 .text.RCC_SYSCLKConfig
                0x08001388       0x38 StdPeriph_Driver/src/stm32f10x_rcc.o
                0x08001388                RCC_SYSCLKConfig
 .text.RCC_GetSYSCLKSource
                0x080013c0       0x1c StdPeriph_Driver/src/stm32f10x_rcc.o
                0x080013c0                RCC_GetSYSCLKSource
 .text.RCC_HCLKConfig
                0x080013dc       0x38 StdPeriph_Driver/src/stm32f10x_rcc.o
                0x080013dc                RCC_HCLKConfig
 .text.RCC_PCLK1Config
                0x08001414       0x38 StdPeriph_Driver/src/stm32f10x_rcc.o
                0x08001414                RCC_PCLK1Config
 .text.RCC_PCLK2Config
                0x0800144c       0x38 StdPeriph_Driver/src/stm32f10x_rcc.o
                0x0800144c                RCC_PCLK2Config
 .text.RCC_GetClocksFreq
                0x08001484      0x160 StdPeriph_Driver/src/stm32f10x_rcc.o
                0x08001484                RCC_GetClocksFreq
 .text.RCC_AHBPeriphClockCmd
                0x080015e4       0x3c StdPeriph_Driver/src/stm32f10x_rcc.o
                0x080015e4                RCC_AHBPeriphClockCmd
 .text.RCC_APB2PeriphClockCmd
                0x08001620       0x3c StdPeriph_Driver/src/stm32f10x_rcc.o
                0x08001620                RCC_APB2PeriphClockCmd
 .text.RCC_APB1PeriphClockCmd
                0x0800165c       0x3c StdPeriph_Driver/src/stm32f10x_rcc.o
                0x0800165c                RCC_APB1PeriphClockCmd
 .text.RCC_GetFlagStatus
                0x08001698       0x74 StdPeriph_Driver/src/stm32f10x_rcc.o
                0x08001698                RCC_GetFlagStatus
 .text.TIM_TimeBaseInit
                0x0800170c       0xf8 StdPeriph_Driver/src/stm32f10x_tim.o
                0x0800170c                TIM_TimeBaseInit
 .text.TIM_Cmd  0x08001804       0x3e StdPeriph_Driver/src/stm32f10x_tim.o
                0x08001804                TIM_Cmd
 .text.TIM_ITConfig
                0x08001842       0x46 StdPeriph_Driver/src/stm32f10x_tim.o
                0x08001842                TIM_ITConfig
 .text.TIM_ARRPreloadConfig
                0x08001888       0x3e StdPeriph_Driver/src/stm32f10x_tim.o
                0x08001888                TIM_ARRPreloadConfig
 .text.TIM_GetITStatus
                0x080018c6       0x52 StdPeriph_Driver/src/stm32f10x_tim.o
                0x080018c6                TIM_GetITStatus
 .text.TIM_ClearITPendingBit
                0x08001918       0x20 StdPeriph_Driver/src/stm32f10x_tim.o
                0x08001918                TIM_ClearITPendingBit
 .text.USART_Init
                0x08001938      0x174 StdPeriph_Driver/src/stm32f10x_usart.o
                0x08001938                USART_Init
 .text.USART_Cmd
                0x08001aac       0x3e StdPeriph_Driver/src/stm32f10x_usart.o
                0x08001aac                USART_Cmd
 .text.USART_ITConfig
                0x08001aea       0x8e StdPeriph_Driver/src/stm32f10x_usart.o
                0x08001aea                USART_ITConfig
 .text.USART_SendData
                0x08001b78       0x22 StdPeriph_Driver/src/stm32f10x_usart.o
                0x08001b78                USART_SendData
 .text.USART_ReceiveData
                0x08001b9a       0x1e StdPeriph_Driver/src/stm32f10x_usart.o
                0x08001b9a                USART_ReceiveData
 .text.USART_GetFlagStatus
                0x08001bb8       0x36 StdPeriph_Driver/src/stm32f10x_usart.o
                0x08001bb8                USART_GetFlagStatus
 .text.USART_ClearFlag
                0x08001bee       0x20 StdPeriph_Driver/src/stm32f10x_usart.o
                0x08001bee                USART_ClearFlag
 .text.USART_GetITStatus
                0x08001c0e       0xb4 StdPeriph_Driver/src/stm32f10x_usart.o
                0x08001c0e                USART_GetITStatus
 .text.USART_ClearITPendingBit
                0x08001cc2       0x38 StdPeriph_Driver/src/stm32f10x_usart.o
                0x08001cc2                USART_ClearITPendingBit
 .text.Delay    0x08001cfa       0x3c src/BC35.o
                0x08001cfa                Delay
 *fill*         0x08001d36        0x2 
 .text.Clear_Buffer
                0x08001d38       0x44 src/BC35.o
                0x08001d38                Clear_Buffer
 .text.BC35_Init
                0x08001d7c      0x5b0 src/BC35.o
                0x08001d7c                BC35_Init
 .text.BC35_ConUDP
                0x0800232c       0xb4 src/BC35.o
                0x0800232c                BC35_ConUDP
 .text.BC35_Senddata
                0x080023e0       0x98 src/BC35.o
                0x080023e0                BC35_Senddata
 .text.BC35_RECData
                0x08002478       0xec src/BC35.o
                0x08002478                BC35_RECData
 .text.delay_init
                0x08002564       0x4c src/delay.o
                0x08002564                delay_init
 .text.ds1302_new_dev
                0x080025b0       0xa4 src/ds1302.o
                0x080025b0                ds1302_new_dev
 .text.ds1302_init
                0x08002654       0x3a src/ds1302.o
                0x08002654                ds1302_init
 .text.ds1302_pin_set
                0x0800268e       0x7a src/ds1302.o
                0x0800268e                ds1302_pin_set
 .text.ds1302_reset
                0x08002708       0x20 src/ds1302.o
                0x08002708                ds1302_reset
 .text.ds1302_write_byte
                0x08002728      0x108 src/ds1302.o
                0x08002728                ds1302_write_byte
 .text.ds1302_read_byte
                0x08002830      0x10e src/ds1302.o
                0x08002830                ds1302_read_byte
 .text.ds1302_write_time
                0x0800293e       0xb8 src/ds1302.o
                0x0800293e                ds1302_write_time
 *fill*         0x080029f6        0x2 
 .text.ds1302_read_time
                0x080029f8      0x2c0 src/ds1302.o
                0x080029f8                ds1302_read_time
 .text.ds1302_hw_set_in
                0x08002cb8       0x2e src/ds1302.o
                0x08002cb8                ds1302_hw_set_in
 .text.ds1302_hw_set_out
                0x08002ce6       0x2e src/ds1302.o
                0x08002ce6                ds1302_hw_set_out
 .text.led_init_gpio
                0x08002d14       0x48 src/led.o
                0x08002d14                led_init_gpio
 .text.led_change_g_to_r_switch_time
                0x08002d5c       0x24 src/led.o
                0x08002d5c                led_change_g_to_r_switch_time
 .text.led_change_r_to_g_switch_time
                0x08002d80       0x24 src/led.o
                0x08002d80                led_change_r_to_g_switch_time
 .text.main     0x08002da4      0x280 src/main.o
                0x08002da4                main
 .text.send_info_to_cloud
                0x08003024       0xd4 src/main.o
                0x08003024                send_info_to_cloud
 .text.led_disp_time
                0x080030f8       0x60 src/main.o
                0x080030f8                led_disp_time
 .text.led_do_normal_mode
                0x08003158      0x320 src/main.o
                0x08003158                led_do_normal_mode
 .text.led_do_high_peak_mode
                0x08003478       0x1c src/main.o
                0x08003478                led_do_high_peak_mode
 .text.TIM1_UP_IRQHandler
                0x08003494       0x50 src/main.o
                0x08003494                TIM1_UP_IRQHandler
 .text.RCC_Configuration
                0x080034e4       0xbe src/main.o
                0x080034e4                RCC_Configuration
 .text._read    0x080035a2       0x3a src/syscalls.o
                0x080035a2                _read
 .text._write   0x080035dc       0x38 src/syscalls.o
                0x080035dc                _write
 .text._sbrk    0x08003614       0x58 src/syscalls.o
                0x08003614                _sbrk
 .text._close   0x0800366c       0x16 src/syscalls.o
                0x0800366c                _close
 .text._fstat   0x08003682       0x1e src/syscalls.o
                0x08003682                _fstat
 .text._isatty  0x080036a0       0x14 src/syscalls.o
                0x080036a0                _isatty
 .text._lseek   0x080036b4       0x18 src/syscalls.o
                0x080036b4                _lseek
 .text.SystemInit
                0x080036cc       0x68 src/system_stm32f10x.o
                0x080036cc                SystemInit
 .text.SetSysClock
                0x08003734        0xc src/system_stm32f10x.o
 .text.SetSysClockTo72
                0x08003740      0x100 src/system_stm32f10x.o
 .text.TIM_SetInterval
                0x08003840       0x2e src/timer.o
                0x08003840                TIM_SetInterval
 *fill*         0x0800386e        0x2 
 .text.TIM_Init
                0x08003870       0xe8 src/timer.o
                0x08003870                TIM_Init
 .text.TIM2_IRQHandler
                0x08003958       0x22 src/timer.o
                0x08003958                TIM2_IRQHandler
 *fill*         0x0800397a        0x2 
 .text.TIM3_IRQHandler
                0x0800397c       0x24 src/timer.o
                0x0800397c                TIM3_IRQHandler
 .text.TIM4_IRQHandler
                0x080039a0       0x24 src/timer.o
                0x080039a0                TIM4_IRQHandler
 .text.TIM5_IRQHandler
                0x080039c4       0x24 src/timer.o
                0x080039c4                TIM5_IRQHandler
 .text.TIM6_IRQHandler
                0x080039e8       0x24 src/timer.o
                0x080039e8                TIM6_IRQHandler
 .text.TIM7_IRQHandler
                0x08003a0c       0x24 src/timer.o
                0x08003a0c                TIM7_IRQHandler
 .text.TIM8_UP_IRQHandler
                0x08003a30       0x24 src/timer.o
                0x08003a30                TIM8_UP_IRQHandler
 .text.tm1638_init_gpio
                0x08003a54       0x30 src/tm1638.o
                0x08003a54                tm1638_init_gpio
 .text.tm1638_write_byte
                0x08003a84       0x5c src/tm1638.o
                0x08003a84                tm1638_write_byte
 .text.tm1638_read_byte
                0x08003ae0       0x60 src/tm1638.o
                0x08003ae0                tm1638_read_byte
 .text.tm1638_write_com
                0x08003b40       0x30 src/tm1638.o
                0x08003b40                tm1638_write_com
 .text.tm1638_read_key
                0x08003b70       0xa8 src/tm1638.o
                0x08003b70                tm1638_read_key
 .text.tm1638_write_data
                0x08003c18       0x48 src/tm1638.o
                0x08003c18                tm1638_write_data
 .text.tm1638_write_led
                0x08003c60       0x5a src/tm1638.o
                0x08003c60                tm1638_write_led
 *fill*         0x08003cba        0x2 
 .text.tm1638_init
                0x08003cbc       0x50 src/tm1638.o
                0x08003cbc                tm1638_init
 .text.tm1638_tube_dip
                0x08003d0c       0x40 src/tm1638.o
                0x08003d0c                tm1638_tube_dip
 .text.__io_putchar
                0x08003d4c       0x34 src/uart.o
                0x08003d4c                __io_putchar
 .text.uart_new_dev
                0x08003d80      0x1a0 src/uart.o
                0x08003d80                uart_new_dev
 .text.uart_init
                0x08003f20       0xba src/uart.o
                0x08003f20                uart_init
 .text.uart_pin_set
                0x08003fda       0xa4 src/uart.o
                0x08003fda                uart_pin_set
 .text.uart_write_byte
                0x0800407e       0x38 src/uart.o
                0x0800407e                uart_write_byte
 .text.uart_write_string
                0x080040b6       0x98 src/uart.o
                0x080040b6                uart_write_string
 .text.uart_clear_buffer
                0x0800414e       0x38 src/uart.o
                0x0800414e                uart_clear_buffer
 *fill*         0x08004186        0x2 
 .text.uart_fetch_data
                0x08004188       0x3c src/uart.o
                0x08004188                uart_fetch_data
 .text.USART1_IRQHandler
                0x080041c4       0x30 src/uart.o
                0x080041c4                USART1_IRQHandler
 .text.USART2_IRQHandler
                0x080041f4       0x40 src/uart.o
                0x080041f4                USART2_IRQHandler
 .text.USART3_IRQHandler
                0x08004234       0x18 src/uart.o
                0x08004234                USART3_IRQHandler
 .text.Reset_Handler
                0x0800424c       0x50 startup/startup_stm32.o
                0x0800424c                Reset_Handler
 .text.Default_Handler
                0x0800429c        0x2 startup/startup_stm32.o
                0x0800429c                EXTI2_IRQHandler
                0x0800429c                TIM8_TRG_COM_IRQHandler
                0x0800429c                TIM8_CC_IRQHandler
                0x0800429c                DebugMon_Handler
                0x0800429c                TIM1_CC_IRQHandler
                0x0800429c                HardFault_Handler
                0x0800429c                SysTick_Handler
                0x0800429c                PVD_IRQHandler
                0x0800429c                SDIO_IRQHandler
                0x0800429c                PendSV_Handler
                0x0800429c                NMI_Handler
                0x0800429c                EXTI3_IRQHandler
                0x0800429c                USB_HP_CAN_TX_IRQHandler
                0x0800429c                EXTI0_IRQHandler
                0x0800429c                I2C2_EV_IRQHandler
                0x0800429c                UsageFault_Handler
                0x0800429c                ADC1_2_IRQHandler
                0x0800429c                SPI1_IRQHandler
                0x0800429c                CAN_SCE_IRQHandler
                0x0800429c                TAMPER_IRQHandler
                0x0800429c                DMA2_Channel2_IRQHandler
                0x0800429c                DMA1_Channel4_IRQHandler
                0x0800429c                RTC_IRQHandler
                0x0800429c                DMA1_Channel7_IRQHandler
                0x0800429c                UART5_IRQHandler
                0x0800429c                ADC3_IRQHandler
                0x0800429c                CAN_RX1_IRQHandler
                0x0800429c                DMA2_Channel1_IRQHandler
                0x0800429c                I2C1_EV_IRQHandler
                0x0800429c                DMA1_Channel6_IRQHandler
                0x0800429c                UART4_IRQHandler
                0x0800429c                RCC_IRQHandler
                0x0800429c                TIM1_TRG_COM_IRQHandler
                0x0800429c                DMA1_Channel1_IRQHandler
                0x0800429c                Default_Handler
                0x0800429c                EXTI15_10_IRQHandler
                0x0800429c                EXTI9_5_IRQHandler
                0x0800429c                SPI2_IRQHandler
                0x0800429c                USB_LP_CAN_RX0_IRQHandler
                0x0800429c                MemManage_Handler
                0x0800429c                SVC_Handler
                0x0800429c                DMA1_Channel5_IRQHandler
                0x0800429c                EXTI4_IRQHandler
                0x0800429c                DMA1_Channel3_IRQHandler
                0x0800429c                FSMC_IRQHandler
                0x0800429c                WWDG_IRQHandler
                0x0800429c                TIM1_BRK_IRQHandler
                0x0800429c                EXTI1_IRQHandler
                0x0800429c                RTCAlarm_IRQHandler
                0x0800429c                DMA2_Channel4_5_IRQHandler
                0x0800429c                I2C2_ER_IRQHandler
                0x0800429c                DMA1_Channel2_IRQHandler
                0x0800429c                TIM8_BRK_IRQHandler
                0x0800429c                FLASH_IRQHandler
                0x0800429c                BusFault_Handler
                0x0800429c                SPI3_IRQHandler
                0x0800429c                I2C1_ER_IRQHandler
                0x0800429c                DMA2_Channel3_IRQHandler
 *fill*         0x0800429e        0x2 
 .text.__errno  0x080042a0        0xc c:/opt/ac6/systemworkbench/plugins/fr.ac6.mcu.externaltools.arm-none.win32_1.15.0.201708311556/tools/compiler/bin/../lib/gcc/arm-none-eabi/6.3.1/../../../../arm-none-eabi/lib/thumb/v7-m\libc.a(lib_a-errno.o)
                0x080042a0                __errno
 .text.__libc_init_array
                0x080042ac       0x50 c:/opt/ac6/systemworkbench/plugins/fr.ac6.mcu.externaltools.arm-none.win32_1.15.0.201708311556/tools/compiler/bin/../lib/gcc/arm-none-eabi/6.3.1/../../../../arm-none-eabi/lib/thumb/v7-m\libc.a(lib_a-init.o)
                0x080042ac                __libc_init_array
 .text.__itoa   0x080042fc       0x30 c:/opt/ac6/systemworkbench/plugins/fr.ac6.mcu.externaltools.arm-none.win32_1.15.0.201708311556/tools/compiler/bin/../lib/gcc/arm-none-eabi/6.3.1/../../../../arm-none-eabi/lib/thumb/v7-m\libc.a(lib_a-itoa.o)
                0x080042fc                __itoa
 .text.itoa     0x0800432c        0x4 c:/opt/ac6/systemworkbench/plugins/fr.ac6.mcu.externaltools.arm-none.win32_1.15.0.201708311556/tools/compiler/bin/../lib/gcc/arm-none-eabi/6.3.1/../../../../arm-none-eabi/lib/thumb/v7-m\libc.a(lib_a-itoa.o)
                0x0800432c                itoa
 .text.malloc   0x08004330       0x10 c:/opt/ac6/systemworkbench/plugins/fr.ac6.mcu.externaltools.arm-none.win32_1.15.0.201708311556/tools/compiler/bin/../lib/gcc/arm-none-eabi/6.3.1/../../../../arm-none-eabi/lib/thumb/v7-m\libc.a(lib_a-malloc.o)
                0x08004330                malloc
 .text._malloc_r
                0x08004340      0x544 c:/opt/ac6/systemworkbench/plugins/fr.ac6.mcu.externaltools.arm-none.win32_1.15.0.201708311556/tools/compiler/bin/../lib/gcc/arm-none-eabi/6.3.1/../../../../arm-none-eabi/lib/thumb/v7-m\libc.a(lib_a-mallocr.o)
                0x08004340                _malloc_r
 .text.memset   0x08004884       0x9c c:/opt/ac6/systemworkbench/plugins/fr.ac6.mcu.externaltools.arm-none.win32_1.15.0.201708311556/tools/compiler/bin/../lib/gcc/arm-none-eabi/6.3.1/../../../../arm-none-eabi/lib/thumb/v7-m\libc.a(lib_a-memset.o)
                0x08004884                memset
 .text.__malloc_lock
                0x08004920        0xc c:/opt/ac6/systemworkbench/plugins/fr.ac6.mcu.externaltools.arm-none.win32_1.15.0.201708311556/tools/compiler/bin/../lib/gcc/arm-none-eabi/6.3.1/../../../../arm-none-eabi/lib/thumb/v7-m\libc.a(lib_a-mlock.o)
                0x08004920                __malloc_lock
 .text.__malloc_unlock
                0x0800492c        0xc c:/opt/ac6/systemworkbench/plugins/fr.ac6.mcu.externaltools.arm-none.win32_1.15.0.201708311556/tools/compiler/bin/../lib/gcc/arm-none-eabi/6.3.1/../../../../arm-none-eabi/lib/thumb/v7-m\libc.a(lib_a-mlock.o)
                0x0800492c                __malloc_unlock
 .text.printf   0x08004938       0x28 c:/opt/ac6/systemworkbench/plugins/fr.ac6.mcu.externaltools.arm-none.win32_1.15.0.201708311556/tools/compiler/bin/../lib/gcc/arm-none-eabi/6.3.1/../../../../arm-none-eabi/lib/thumb/v7-m\libc.a(lib_a-printf.o)
                0x08004938                printf
 .text._puts_r  0x08004960       0x9c c:/opt/ac6/systemworkbench/plugins/fr.ac6.mcu.externaltools.arm-none.win32_1.15.0.201708311556/tools/compiler/bin/../lib/gcc/arm-none-eabi/6.3.1/../../../../arm-none-eabi/lib/thumb/v7-m\libc.a(lib_a-puts.o)
                0x08004960                _puts_r
 .text.puts     0x080049fc       0x10 c:/opt/ac6/systemworkbench/plugins/fr.ac6.mcu.externaltools.arm-none.win32_1.15.0.201708311556/tools/compiler/bin/../lib/gcc/arm-none-eabi/6.3.1/../../../../arm-none-eabi/lib/thumb/v7-m\libc.a(lib_a-puts.o)
                0x080049fc                puts
 .text._sbrk_r  0x08004a0c       0x24 c:/opt/ac6/systemworkbench/plugins/fr.ac6.mcu.externaltools.arm-none.win32_1.15.0.201708311556/tools/compiler/bin/../lib/gcc/arm-none-eabi/6.3.1/../../../../arm-none-eabi/lib/thumb/v7-m\libc.a(lib_a-sbrkr.o)
                0x08004a0c                _sbrk_r
 .text.sprintf  0x08004a30       0x4c c:/opt/ac6/systemworkbench/plugins/fr.ac6.mcu.externaltools.arm-none.win32_1.15.0.201708311556/tools/compiler/bin/../lib/gcc/arm-none-eabi/6.3.1/../../../../arm-none-eabi/lib/thumb/v7-m\libc.a(lib_a-sprintf.o)
                0x08004a30                sprintf
 .text.strlen   0x08004a7c       0x5c c:/opt/ac6/systemworkbench/plugins/fr.ac6.mcu.externaltools.arm-none.win32_1.15.0.201708311556/tools/compiler/bin/../lib/gcc/arm-none-eabi/6.3.1/../../../../arm-none-eabi/lib/thumb/v7-m\libc.a(lib_a-strlen-stub.o)
                0x08004a7c                strlen
 .text.critical_factorization
                0x08004ad8       0xb4 c:/opt/ac6/systemworkbench/plugins/fr.ac6.mcu.externaltools.arm-none.win32_1.15.0.201708311556/tools/compiler/bin/../lib/gcc/arm-none-eabi/6.3.1/../../../../arm-none-eabi/lib/thumb/v7-m\libc.a(lib_a-strstr.o)
 .text.two_way_long_needle
                0x08004b8c      0x1fc c:/opt/ac6/systemworkbench/plugins/fr.ac6.mcu.externaltools.arm-none.win32_1.15.0.201708311556/tools/compiler/bin/../lib/gcc/arm-none-eabi/6.3.1/../../../../arm-none-eabi/lib/thumb/v7-m\libc.a(lib_a-strstr.o)
 .text.strstr   0x08004d88      0x218 c:/opt/ac6/systemworkbench/plugins/fr.ac6.mcu.externaltools.arm-none.win32_1.15.0.201708311556/tools/compiler/bin/../lib/gcc/arm-none-eabi/6.3.1/../../../../arm-none-eabi/lib/thumb/v7-m\libc.a(lib_a-strstr.o)
                0x08004d88                strstr
 .text._svfprintf_r
                0x08004fa0     0x1500 c:/opt/ac6/systemworkbench/plugins/fr.ac6.mcu.externaltools.arm-none.win32_1.15.0.201708311556/tools/compiler/bin/../lib/gcc/arm-none-eabi/6.3.1/../../../../arm-none-eabi/lib/thumb/v7-m\libc.a(lib_a-svfprintf.o)
                0x08004fa0                _svfprintf_r
 .text.__utoa   0x080064a0       0x80 c:/opt/ac6/systemworkbench/plugins/fr.ac6.mcu.externaltools.arm-none.win32_1.15.0.201708311556/tools/compiler/bin/../lib/gcc/arm-none-eabi/6.3.1/../../../../arm-none-eabi/lib/thumb/v7-m\libc.a(lib_a-utoa.o)
                0x080064a0                __utoa
 .text._vfprintf_r
                0x08006520     0x15e8 c:/opt/ac6/systemworkbench/plugins/fr.ac6.mcu.externaltools.arm-none.win32_1.15.0.201708311556/tools/compiler/bin/../lib/gcc/arm-none-eabi/6.3.1/../../../../arm-none-eabi/lib/thumb/v7-m\libc.a(lib_a-vfprintf.o)
                0x08006520                _vfprintf_r
 .text.__sbprintf
                0x08007b08       0x88 c:/opt/ac6/systemworkbench/plugins/fr.ac6.mcu.externaltools.arm-none.win32_1.15.0.201708311556/tools/compiler/bin/../lib/gcc/arm-none-eabi/6.3.1/../../../../arm-none-eabi/lib/thumb/v7-m\libc.a(lib_a-vfprintf.o)
 .text.__swsetup_r
                0x08007b90       0xc8 c:/opt/ac6/systemworkbench/plugins/fr.ac6.mcu.externaltools.arm-none.win32_1.15.0.201708311556/tools/compiler/bin/../lib/gcc/arm-none-eabi/6.3.1/../../../../arm-none-eabi/lib/thumb/v7-m\libc.a(lib_a-wsetup.o)
                0x08007b90                __swsetup_r
 .text.startup.register_fini
                0x08007c58       0x14 c:/opt/ac6/systemworkbench/plugins/fr.ac6.mcu.externaltools.arm-none.win32_1.15.0.201708311556/tools/compiler/bin/../lib/gcc/arm-none-eabi/6.3.1/../../../../arm-none-eabi/lib/thumb/v7-m\libc.a(lib_a-__call_atexit.o)
 .text.atexit   0x08007c6c        0xc c:/opt/ac6/systemworkbench/plugins/fr.ac6.mcu.externaltools.arm-none.win32_1.15.0.201708311556/tools/compiler/bin/../lib/gcc/arm-none-eabi/6.3.1/../../../../arm-none-eabi/lib/thumb/v7-m\libc.a(lib_a-atexit.o)
                0x08007c6c                atexit
 .text.quorem   0x08007c78      0x128 c:/opt/ac6/systemworkbench/plugins/fr.ac6.mcu.externaltools.arm-none.win32_1.15.0.201708311556/tools/compiler/bin/../lib/gcc/arm-none-eabi/6.3.1/../../../../arm-none-eabi/lib/thumb/v7-m\libc.a(lib_a-dtoa.o)
 .text._dtoa_r  0x08007da0      0xe44 c:/opt/ac6/systemworkbench/plugins/fr.ac6.mcu.externaltools.arm-none.win32_1.15.0.201708311556/tools/compiler/bin/../lib/gcc/arm-none-eabi/6.3.1/../../../../arm-none-eabi/lib/thumb/v7-m\libc.a(lib_a-dtoa.o)
                0x08007da0                _dtoa_r
 .text.__sflush_r
                0x08008be4      0x138 c:/opt/ac6/systemworkbench/plugins/fr.ac6.mcu.externaltools.arm-none.win32_1.15.0.201708311556/tools/compiler/bin/../lib/gcc/arm-none-eabi/6.3.1/../../../../arm-none-eabi/lib/thumb/v7-m\libc.a(lib_a-fflush.o)
                0x08008be4                __sflush_r
 .text._fflush_r
                0x08008d1c       0x54 c:/opt/ac6/systemworkbench/plugins/fr.ac6.mcu.externaltools.arm-none.win32_1.15.0.201708311556/tools/compiler/bin/../lib/gcc/arm-none-eabi/6.3.1/../../../../arm-none-eabi/lib/thumb/v7-m\libc.a(lib_a-fflush.o)
                0x08008d1c                _fflush_r
 .text._cleanup_r
                0x08008d70        0xc c:/opt/ac6/systemworkbench/plugins/fr.ac6.mcu.externaltools.arm-none.win32_1.15.0.201708311556/tools/compiler/bin/../lib/gcc/arm-none-eabi/6.3.1/../../../../arm-none-eabi/lib/thumb/v7-m\libc.a(lib_a-findfp.o)
                0x08008d70                _cleanup_r
 .text.std.isra.0
                0x08008d7c       0x50 c:/opt/ac6/systemworkbench/plugins/fr.ac6.mcu.externaltools.arm-none.win32_1.15.0.201708311556/tools/compiler/bin/../lib/gcc/arm-none-eabi/6.3.1/../../../../arm-none-eabi/lib/thumb/v7-m\libc.a(lib_a-findfp.o)
 .text.__sinit  0x08008dcc       0x60 c:/opt/ac6/systemworkbench/plugins/fr.ac6.mcu.externaltools.arm-none.win32_1.15.0.201708311556/tools/compiler/bin/../lib/gcc/arm-none-eabi/6.3.1/../../../../arm-none-eabi/lib/thumb/v7-m\libc.a(lib_a-findfp.o)
                0x08008dcc                __sinit
 .text.__sfp_lock_acquire
                0x08008e2c        0xc c:/opt/ac6/systemworkbench/plugins/fr.ac6.mcu.externaltools.arm-none.win32_1.15.0.201708311556/tools/compiler/bin/../lib/gcc/arm-none-eabi/6.3.1/../../../../arm-none-eabi/lib/thumb/v7-m\libc.a(lib_a-findfp.o)
                0x08008e2c                __sfp_lock_acquire
 .text.__sfp_lock_release
                0x08008e38        0xc c:/opt/ac6/systemworkbench/plugins/fr.ac6.mcu.externaltools.arm-none.win32_1.15.0.201708311556/tools/compiler/bin/../lib/gcc/arm-none-eabi/6.3.1/../../../../arm-none-eabi/lib/thumb/v7-m\libc.a(lib_a-findfp.o)
                0x08008e38                __sfp_lock_release
 .text.__libc_fini_array
                0x08008e44       0x34 c:/opt/ac6/systemworkbench/plugins/fr.ac6.mcu.externaltools.arm-none.win32_1.15.0.201708311556/tools/compiler/bin/../lib/gcc/arm-none-eabi/6.3.1/../../../../arm-none-eabi/lib/thumb/v7-m\libc.a(lib_a-fini.o)
                0x08008e44                __libc_fini_array
 .text._malloc_trim_r
                0x08008e78       0xa0 c:/opt/ac6/systemworkbench/plugins/fr.ac6.mcu.externaltools.arm-none.win32_1.15.0.201708311556/tools/compiler/bin/../lib/gcc/arm-none-eabi/6.3.1/../../../../arm-none-eabi/lib/thumb/v7-m\libc.a(lib_a-freer.o)
                0x08008e78                _malloc_trim_r
 .text._free_r  0x08008f18      0x1cc c:/opt/ac6/systemworkbench/plugins/fr.ac6.mcu.externaltools.arm-none.win32_1.15.0.201708311556/tools/compiler/bin/../lib/gcc/arm-none-eabi/6.3.1/../../../../arm-none-eabi/lib/thumb/v7-m\libc.a(lib_a-freer.o)
                0x08008f18                _free_r
 .text.__sfvwrite_r
                0x080090e4      0x2f4 c:/opt/ac6/systemworkbench/plugins/fr.ac6.mcu.externaltools.arm-none.win32_1.15.0.201708311556/tools/compiler/bin/../lib/gcc/arm-none-eabi/6.3.1/../../../../arm-none-eabi/lib/thumb/v7-m\libc.a(lib_a-fvwrite.o)
                0x080090e4                __sfvwrite_r
 .text._fwalk_reent
                0x080093d8       0x50 c:/opt/ac6/systemworkbench/plugins/fr.ac6.mcu.externaltools.arm-none.win32_1.15.0.201708311556/tools/compiler/bin/../lib/gcc/arm-none-eabi/6.3.1/../../../../arm-none-eabi/lib/thumb/v7-m\libc.a(lib_a-fwalk.o)
                0x080093d8                _fwalk_reent
 .text._localeconv_r
                0x08009428       0x1c c:/opt/ac6/systemworkbench/plugins/fr.ac6.mcu.externaltools.arm-none.win32_1.15.0.201708311556/tools/compiler/bin/../lib/gcc/arm-none-eabi/6.3.1/../../../../arm-none-eabi/lib/thumb/v7-m\libc.a(lib_a-localeconv.o)
                0x08009428                _localeconv_r
 .text.__retarget_lock_init_recursive
                0x08009444        0x4 c:/opt/ac6/systemworkbench/plugins/fr.ac6.mcu.externaltools.arm-none.win32_1.15.0.201708311556/tools/compiler/bin/../lib/gcc/arm-none-eabi/6.3.1/../../../../arm-none-eabi/lib/thumb/v7-m\libc.a(lib_a-lock.o)
                0x08009444                __retarget_lock_init_recursive
 .text.__retarget_lock_close_recursive
                0x08009448        0x4 c:/opt/ac6/systemworkbench/plugins/fr.ac6.mcu.externaltools.arm-none.win32_1.15.0.201708311556/tools/compiler/bin/../lib/gcc/arm-none-eabi/6.3.1/../../../../arm-none-eabi/lib/thumb/v7-m\libc.a(lib_a-lock.o)
                0x08009448                __retarget_lock_close_recursive
 .text.__retarget_lock_acquire_recursive
                0x0800944c        0x4 c:/opt/ac6/systemworkbench/plugins/fr.ac6.mcu.externaltools.arm-none.win32_1.15.0.201708311556/tools/compiler/bin/../lib/gcc/arm-none-eabi/6.3.1/../../../../arm-none-eabi/lib/thumb/v7-m\libc.a(lib_a-lock.o)
                0x0800944c                __retarget_lock_acquire_recursive
 .text.__retarget_lock_release_recursive
                0x08009450        0x4 c:/opt/ac6/systemworkbench/plugins/fr.ac6.mcu.externaltools.arm-none.win32_1.15.0.201708311556/tools/compiler/bin/../lib/gcc/arm-none-eabi/6.3.1/../../../../arm-none-eabi/lib/thumb/v7-m\libc.a(lib_a-lock.o)
                0x08009450                __retarget_lock_release_recursive
 .text.__swhatbuf_r
                0x08009454       0x5c c:/opt/ac6/systemworkbench/plugins/fr.ac6.mcu.externaltools.arm-none.win32_1.15.0.201708311556/tools/compiler/bin/../lib/gcc/arm-none-eabi/6.3.1/../../../../arm-none-eabi/lib/thumb/v7-m\libc.a(lib_a-makebuf.o)
                0x08009454                __swhatbuf_r
 .text.__smakebuf_r
                0x080094b0       0x94 c:/opt/ac6/systemworkbench/plugins/fr.ac6.mcu.externaltools.arm-none.win32_1.15.0.201708311556/tools/compiler/bin/../lib/gcc/arm-none-eabi/6.3.1/../../../../arm-none-eabi/lib/thumb/v7-m\libc.a(lib_a-makebuf.o)
                0x080094b0                __smakebuf_r
 .text.memchr   0x08009544       0x8c c:/opt/ac6/systemworkbench/plugins/fr.ac6.mcu.externaltools.arm-none.win32_1.15.0.201708311556/tools/compiler/bin/../lib/gcc/arm-none-eabi/6.3.1/../../../../arm-none-eabi/lib/thumb/v7-m\libc.a(lib_a-memchr-stub.o)
                0x08009544                memchr
 .text.memcmp   0x080095d0       0x60 c:/opt/ac6/systemworkbench/plugins/fr.ac6.mcu.externaltools.arm-none.win32_1.15.0.201708311556/tools/compiler/bin/../lib/gcc/arm-none-eabi/6.3.1/../../../../arm-none-eabi/lib/thumb/v7-m\libc.a(lib_a-memcmp.o)
                0x080095d0                memcmp
 .text.memmove  0x08009630       0xc8 c:/opt/ac6/systemworkbench/plugins/fr.ac6.mcu.externaltools.arm-none.win32_1.15.0.201708311556/tools/compiler/bin/../lib/gcc/arm-none-eabi/6.3.1/../../../../arm-none-eabi/lib/thumb/v7-m\libc.a(lib_a-memmove.o)
                0x08009630                memmove
 .text._Balloc  0x080096f8       0x4c c:/opt/ac6/systemworkbench/plugins/fr.ac6.mcu.externaltools.arm-none.win32_1.15.0.201708311556/tools/compiler/bin/../lib/gcc/arm-none-eabi/6.3.1/../../../../arm-none-eabi/lib/thumb/v7-m\libc.a(lib_a-mprec.o)
                0x080096f8                _Balloc
 .text._Bfree   0x08009744       0x14 c:/opt/ac6/systemworkbench/plugins/fr.ac6.mcu.externaltools.arm-none.win32_1.15.0.201708311556/tools/compiler/bin/../lib/gcc/arm-none-eabi/6.3.1/../../../../arm-none-eabi/lib/thumb/v7-m\libc.a(lib_a-mprec.o)
                0x08009744                _Bfree
 .text.__multadd
                0x08009758       0x84 c:/opt/ac6/systemworkbench/plugins/fr.ac6.mcu.externaltools.arm-none.win32_1.15.0.201708311556/tools/compiler/bin/../lib/gcc/arm-none-eabi/6.3.1/../../../../arm-none-eabi/lib/thumb/v7-m\libc.a(lib_a-mprec.o)
                0x08009758                __multadd
 .text.__hi0bits
                0x080097dc       0x40 c:/opt/ac6/systemworkbench/plugins/fr.ac6.mcu.externaltools.arm-none.win32_1.15.0.201708311556/tools/compiler/bin/../lib/gcc/arm-none-eabi/6.3.1/../../../../arm-none-eabi/lib/thumb/v7-m\libc.a(lib_a-mprec.o)
                0x080097dc                __hi0bits
 .text.__lo0bits
                0x0800981c       0x60 c:/opt/ac6/systemworkbench/plugins/fr.ac6.mcu.externaltools.arm-none.win32_1.15.0.201708311556/tools/compiler/bin/../lib/gcc/arm-none-eabi/6.3.1/../../../../arm-none-eabi/lib/thumb/v7-m\libc.a(lib_a-mprec.o)
                0x0800981c                __lo0bits
 .text.__i2b    0x0800987c       0x14 c:/opt/ac6/systemworkbench/plugins/fr.ac6.mcu.externaltools.arm-none.win32_1.15.0.201708311556/tools/compiler/bin/../lib/gcc/arm-none-eabi/6.3.1/../../../../arm-none-eabi/lib/thumb/v7-m\libc.a(lib_a-mprec.o)
                0x0800987c                __i2b
 .text.__multiply
                0x08009890      0x124 c:/opt/ac6/systemworkbench/plugins/fr.ac6.mcu.externaltools.arm-none.win32_1.15.0.201708311556/tools/compiler/bin/../lib/gcc/arm-none-eabi/6.3.1/../../../../arm-none-eabi/lib/thumb/v7-m\libc.a(lib_a-mprec.o)
                0x08009890                __multiply
 .text.__pow5mult
                0x080099b4       0xa0 c:/opt/ac6/systemworkbench/plugins/fr.ac6.mcu.externaltools.arm-none.win32_1.15.0.201708311556/tools/compiler/bin/../lib/gcc/arm-none-eabi/6.3.1/../../../../arm-none-eabi/lib/thumb/v7-m\libc.a(lib_a-mprec.o)
                0x080099b4                __pow5mult
 .text.__lshift
                0x08009a54       0xa0 c:/opt/ac6/systemworkbench/plugins/fr.ac6.mcu.externaltools.arm-none.win32_1.15.0.201708311556/tools/compiler/bin/../lib/gcc/arm-none-eabi/6.3.1/../../../../arm-none-eabi/lib/thumb/v7-m\libc.a(lib_a-mprec.o)
                0x08009a54                __lshift
 .text.__mcmp   0x08009af4       0x38 c:/opt/ac6/systemworkbench/plugins/fr.ac6.mcu.externaltools.arm-none.win32_1.15.0.201708311556/tools/compiler/bin/../lib/gcc/arm-none-eabi/6.3.1/../../../../arm-none-eabi/lib/thumb/v7-m\libc.a(lib_a-mprec.o)
                0x08009af4                __mcmp
 .text.__mdiff  0x08009b2c      0x11c c:/opt/ac6/systemworkbench/plugins/fr.ac6.mcu.externaltools.arm-none.win32_1.15.0.201708311556/tools/compiler/bin/../lib/gcc/arm-none-eabi/6.3.1/../../../../arm-none-eabi/lib/thumb/v7-m\libc.a(lib_a-mprec.o)
                0x08009b2c                __mdiff
 .text.__d2b    0x08009c48       0xa8 c:/opt/ac6/systemworkbench/plugins/fr.ac6.mcu.externaltools.arm-none.win32_1.15.0.201708311556/tools/compiler/bin/../lib/gcc/arm-none-eabi/6.3.1/../../../../arm-none-eabi/lib/thumb/v7-m\libc.a(lib_a-mprec.o)
                0x08009c48                __d2b
 .text._realloc_r
                0x08009cf0      0x36c c:/opt/ac6/systemworkbench/plugins/fr.ac6.mcu.externaltools.arm-none.win32_1.15.0.201708311556/tools/compiler/bin/../lib/gcc/arm-none-eabi/6.3.1/../../../../arm-none-eabi/lib/thumb/v7-m\libc.a(lib_a-reallocr.o)
                0x08009cf0                _realloc_r
 .text.__sread  0x0800a05c       0x24 c:/opt/ac6/systemworkbench/plugins/fr.ac6.mcu.externaltools.arm-none.win32_1.15.0.201708311556/tools/compiler/bin/../lib/gcc/arm-none-eabi/6.3.1/../../../../arm-none-eabi/lib/thumb/v7-m\libc.a(lib_a-stdio.o)
                0x0800a05c                __sread
 .text.__swrite
                0x0800a080       0x3c c:/opt/ac6/systemworkbench/plugins/fr.ac6.mcu.externaltools.arm-none.win32_1.15.0.201708311556/tools/compiler/bin/../lib/gcc/arm-none-eabi/6.3.1/../../../../arm-none-eabi/lib/thumb/v7-m\libc.a(lib_a-stdio.o)
                0x0800a080                __swrite
 .text.__sseek  0x0800a0bc       0x20 c:/opt/ac6/systemworkbench/plugins/fr.ac6.mcu.externaltools.arm-none.win32_1.15.0.201708311556/tools/compiler/bin/../lib/gcc/arm-none-eabi/6.3.1/../../../../arm-none-eabi/lib/thumb/v7-m\libc.a(lib_a-stdio.o)
                0x0800a0bc                __sseek
 .text.__sclose
                0x0800a0dc        0x8 c:/opt/ac6/systemworkbench/plugins/fr.ac6.mcu.externaltools.arm-none.win32_1.15.0.201708311556/tools/compiler/bin/../lib/gcc/arm-none-eabi/6.3.1/../../../../arm-none-eabi/lib/thumb/v7-m\libc.a(lib_a-stdio.o)
                0x0800a0dc                __sclose
 .text.strchr   0x0800a0e4       0xe8 c:/opt/ac6/systemworkbench/plugins/fr.ac6.mcu.externaltools.arm-none.win32_1.15.0.201708311556/tools/compiler/bin/../lib/gcc/arm-none-eabi/6.3.1/../../../../arm-none-eabi/lib/thumb/v7-m\libc.a(lib_a-strchr.o)
                0x0800a0e4                strchr
 .text.__ssprint_r
                0x0800a1cc       0xfc c:/opt/ac6/systemworkbench/plugins/fr.ac6.mcu.externaltools.arm-none.win32_1.15.0.201708311556/tools/compiler/bin/../lib/gcc/arm-none-eabi/6.3.1/../../../../arm-none-eabi/lib/thumb/v7-m\libc.a(lib_a-svfiprintf.o)
                0x0800a1cc                __ssprint_r
 .text.__sprint_r.part.0
                0x0800a2c8       0x80 c:/opt/ac6/systemworkbench/plugins/fr.ac6.mcu.externaltools.arm-none.win32_1.15.0.201708311556/tools/compiler/bin/../lib/gcc/arm-none-eabi/6.3.1/../../../../arm-none-eabi/lib/thumb/v7-m\libc.a(lib_a-vfiprintf.o)
 .text.__sprint_r
                0x0800a348       0x14 c:/opt/ac6/systemworkbench/plugins/fr.ac6.mcu.externaltools.arm-none.win32_1.15.0.201708311556/tools/compiler/bin/../lib/gcc/arm-none-eabi/6.3.1/../../../../arm-none-eabi/lib/thumb/v7-m\libc.a(lib_a-vfiprintf.o)
                0x0800a348                __sprint_r
 .text._write_r
                0x0800a35c       0x2c c:/opt/ac6/systemworkbench/plugins/fr.ac6.mcu.externaltools.arm-none.win32_1.15.0.201708311556/tools/compiler/bin/../lib/gcc/arm-none-eabi/6.3.1/../../../../arm-none-eabi/lib/thumb/v7-m\libc.a(lib_a-writer.o)
                0x0800a35c                _write_r
 .text.__register_exitproc
                0x0800a388       0xc4 c:/opt/ac6/systemworkbench/plugins/fr.ac6.mcu.externaltools.arm-none.win32_1.15.0.201708311556/tools/compiler/bin/../lib/gcc/arm-none-eabi/6.3.1/../../../../arm-none-eabi/lib/thumb/v7-m\libc.a(lib_a-__atexit.o)
                0x0800a388                __register_exitproc
 .text._calloc_r
                0x0800a44c       0x60 c:/opt/ac6/systemworkbench/plugins/fr.ac6.mcu.externaltools.arm-none.win32_1.15.0.201708311556/tools/compiler/bin/../lib/gcc/arm-none-eabi/6.3.1/../../../../arm-none-eabi/lib/thumb/v7-m\libc.a(lib_a-callocr.o)
                0x0800a44c                _calloc_r
 .text._close_r
                0x0800a4ac       0x24 c:/opt/ac6/systemworkbench/plugins/fr.ac6.mcu.externaltools.arm-none.win32_1.15.0.201708311556/tools/compiler/bin/../lib/gcc/arm-none-eabi/6.3.1/../../../../arm-none-eabi/lib/thumb/v7-m\libc.a(lib_a-closer.o)
                0x0800a4ac                _close_r
 .text._fclose_r
                0x0800a4d0       0xc4 c:/opt/ac6/systemworkbench/plugins/fr.ac6.mcu.externaltools.arm-none.win32_1.15.0.201708311556/tools/compiler/bin/../lib/gcc/arm-none-eabi/6.3.1/../../../../arm-none-eabi/lib/thumb/v7-m\libc.a(lib_a-fclose.o)
                0x0800a4d0                _fclose_r
 .text.__fputwc
                0x0800a594       0x98 c:/opt/ac6/systemworkbench/plugins/fr.ac6.mcu.externaltools.arm-none.win32_1.15.0.201708311556/tools/compiler/bin/../lib/gcc/arm-none-eabi/6.3.1/../../../../arm-none-eabi/lib/thumb/v7-m\libc.a(lib_a-fputwc.o)
                0x0800a594                __fputwc
 .text._fputwc_r
                0x0800a62c       0x68 c:/opt/ac6/systemworkbench/plugins/fr.ac6.mcu.externaltools.arm-none.win32_1.15.0.201708311556/tools/compiler/bin/../lib/gcc/arm-none-eabi/6.3.1/../../../../arm-none-eabi/lib/thumb/v7-m\libc.a(lib_a-fputwc.o)
                0x0800a62c                _fputwc_r
 .text._fstat_r
                0x0800a694       0x28 c:/opt/ac6/systemworkbench/plugins/fr.ac6.mcu.externaltools.arm-none.win32_1.15.0.201708311556/tools/compiler/bin/../lib/gcc/arm-none-eabi/6.3.1/../../../../arm-none-eabi/lib/thumb/v7-m\libc.a(lib_a-fstatr.o)
                0x0800a694                _fstat_r
 .text._isatty_r
                0x0800a6bc       0x24 c:/opt/ac6/systemworkbench/plugins/fr.ac6.mcu.externaltools.arm-none.win32_1.15.0.201708311556/tools/compiler/bin/../lib/gcc/arm-none-eabi/6.3.1/../../../../arm-none-eabi/lib/thumb/v7-m\libc.a(lib_a-isattyr.o)
                0x0800a6bc                _isatty_r
 .text.__locale_mb_cur_max
                0x0800a6e0       0x1c c:/opt/ac6/systemworkbench/plugins/fr.ac6.mcu.externaltools.arm-none.win32_1.15.0.201708311556/tools/compiler/bin/../lib/gcc/arm-none-eabi/6.3.1/../../../../arm-none-eabi/lib/thumb/v7-m\libc.a(lib_a-locale.o)
                0x0800a6e0                __locale_mb_cur_max
 .text._lseek_r
                0x0800a6fc       0x2c c:/opt/ac6/systemworkbench/plugins/fr.ac6.mcu.externaltools.arm-none.win32_1.15.0.201708311556/tools/compiler/bin/../lib/gcc/arm-none-eabi/6.3.1/../../../../arm-none-eabi/lib/thumb/v7-m\libc.a(lib_a-lseekr.o)
                0x0800a6fc                _lseek_r
 .text.__ascii_mbtowc
                0x0800a728       0x2c c:/opt/ac6/systemworkbench/plugins/fr.ac6.mcu.externaltools.arm-none.win32_1.15.0.201708311556/tools/compiler/bin/../lib/gcc/arm-none-eabi/6.3.1/../../../../arm-none-eabi/lib/thumb/v7-m\libc.a(lib_a-mbtowc_r.o)
                0x0800a728                __ascii_mbtowc
 .text._read_r  0x0800a754       0x2c c:/opt/ac6/systemworkbench/plugins/fr.ac6.mcu.externaltools.arm-none.win32_1.15.0.201708311556/tools/compiler/bin/../lib/gcc/arm-none-eabi/6.3.1/../../../../arm-none-eabi/lib/thumb/v7-m\libc.a(lib_a-readr.o)
                0x0800a754                _read_r
 .text.__swbuf_r
                0x0800a780       0xb0 c:/opt/ac6/systemworkbench/plugins/fr.ac6.mcu.externaltools.arm-none.win32_1.15.0.201708311556/tools/compiler/bin/../lib/gcc/arm-none-eabi/6.3.1/../../../../arm-none-eabi/lib/thumb/v7-m\libc.a(lib_a-wbuf.o)
                0x0800a780                __swbuf_r
 .text._wcrtomb_r
                0x0800a830       0x54 c:/opt/ac6/systemworkbench/plugins/fr.ac6.mcu.externaltools.arm-none.win32_1.15.0.201708311556/tools/compiler/bin/../lib/gcc/arm-none-eabi/6.3.1/../../../../arm-none-eabi/lib/thumb/v7-m\libc.a(lib_a-wcrtomb.o)
                0x0800a830                _wcrtomb_r
 .text.__ascii_wctomb
                0x0800a884       0x18 c:/opt/ac6/systemworkbench/plugins/fr.ac6.mcu.externaltools.arm-none.win32_1.15.0.201708311556/tools/compiler/bin/../lib/gcc/arm-none-eabi/6.3.1/../../../../arm-none-eabi/lib/thumb/v7-m\libc.a(lib_a-wctomb_r.o)
                0x0800a884                __ascii_wctomb
 *(.glue_7)
 .glue_7        0x0800a89c        0x0 linker stubs
 *(.glue_7t)
 .glue_7t       0x0800a89c        0x0 linker stubs
 *(.eh_frame)
 .eh_frame      0x0800a89c        0x0 c:/opt/ac6/systemworkbench/plugins/fr.ac6.mcu.externaltools.arm-none.win32_1.15.0.201708311556/tools/compiler/bin/../lib/gcc/arm-none-eabi/6.3.1/thumb/v7-m/crtbegin.o
 *(.init)
 .init          0x0800a89c        0x4 c:/opt/ac6/systemworkbench/plugins/fr.ac6.mcu.externaltools.arm-none.win32_1.15.0.201708311556/tools/compiler/bin/../lib/gcc/arm-none-eabi/6.3.1/thumb/v7-m/crti.o
                0x0800a89c                _init
 .init          0x0800a8a0        0x8 c:/opt/ac6/systemworkbench/plugins/fr.ac6.mcu.externaltools.arm-none.win32_1.15.0.201708311556/tools/compiler/bin/../lib/gcc/arm-none-eabi/6.3.1/thumb/v7-m/crtn.o
 *(.fini)
 .fini          0x0800a8a8        0x4 c:/opt/ac6/systemworkbench/plugins/fr.ac6.mcu.externaltools.arm-none.win32_1.15.0.201708311556/tools/compiler/bin/../lib/gcc/arm-none-eabi/6.3.1/thumb/v7-m/crti.o
                0x0800a8a8                _fini
 .fini          0x0800a8ac        0x8 c:/opt/ac6/systemworkbench/plugins/fr.ac6.mcu.externaltools.arm-none.win32_1.15.0.201708311556/tools/compiler/bin/../lib/gcc/arm-none-eabi/6.3.1/thumb/v7-m/crtn.o
                0x0800a8b4                . = ALIGN (0x4)
                0x0800a8b4                _etext = .

.vfp11_veneer   0x0800a8b4        0x0
 .vfp11_veneer  0x0800a8b4        0x0 linker stubs

.v4_bx          0x0800a8b4        0x0
 .v4_bx         0x0800a8b4        0x0 linker stubs

.iplt           0x0800a8b4        0x0
 .iplt          0x0800a8b4        0x0 c:/opt/ac6/systemworkbench/plugins/fr.ac6.mcu.externaltools.arm-none.win32_1.15.0.201708311556/tools/compiler/bin/../lib/gcc/arm-none-eabi/6.3.1/thumb/v7-m/crtbegin.o

.rodata         0x0800a8b8      0x5b8
                0x0800a8b8                . = ALIGN (0x4)
 *(.rodata)
 .rodata        0x0800a8b8      0x268 src/BC35.o
 .rodata        0x0800ab20       0x22 src/ds1302.o
 *fill*         0x0800ab42        0x2 
 .rodata        0x0800ab44       0x57 src/main.o
                0x0800ab44                hexStrTable
 *(.rodata*)
 *fill*         0x0800ab9b        0x1 
 .rodata._global_impure_ptr
                0x0800ab9c        0x4 c:/opt/ac6/systemworkbench/plugins/fr.ac6.mcu.externaltools.arm-none.win32_1.15.0.201708311556/tools/compiler/bin/../lib/gcc/arm-none-eabi/6.3.1/../../../../arm-none-eabi/lib/thumb/v7-m\libc.a(lib_a-impure.o)
                0x0800ab9c                _global_impure_ptr
 .rodata._puts_r.str1.4
                0x0800aba0        0x2 c:/opt/ac6/systemworkbench/plugins/fr.ac6.mcu.externaltools.arm-none.win32_1.15.0.201708311556/tools/compiler/bin/../lib/gcc/arm-none-eabi/6.3.1/../../../../arm-none-eabi/lib/thumb/v7-m\libc.a(lib_a-puts.o)
 *fill*         0x0800aba2        0x2 
 .rodata._svfprintf_r.str1.4
                0x0800aba4       0x42 c:/opt/ac6/systemworkbench/plugins/fr.ac6.mcu.externaltools.arm-none.win32_1.15.0.201708311556/tools/compiler/bin/../lib/gcc/arm-none-eabi/6.3.1/../../../../arm-none-eabi/lib/thumb/v7-m\libc.a(lib_a-svfprintf.o)
 *fill*         0x0800abe6        0x2 
 .rodata.blanks.7223
                0x0800abe8       0x10 c:/opt/ac6/systemworkbench/plugins/fr.ac6.mcu.externaltools.arm-none.win32_1.15.0.201708311556/tools/compiler/bin/../lib/gcc/arm-none-eabi/6.3.1/../../../../arm-none-eabi/lib/thumb/v7-m\libc.a(lib_a-svfprintf.o)
 .rodata.zeroes.7224
                0x0800abf8       0x10 c:/opt/ac6/systemworkbench/plugins/fr.ac6.mcu.externaltools.arm-none.win32_1.15.0.201708311556/tools/compiler/bin/../lib/gcc/arm-none-eabi/6.3.1/../../../../arm-none-eabi/lib/thumb/v7-m\libc.a(lib_a-svfprintf.o)
 .rodata.__utoa.str1.4
                0x0800ac08       0x25 c:/opt/ac6/systemworkbench/plugins/fr.ac6.mcu.externaltools.arm-none.win32_1.15.0.201708311556/tools/compiler/bin/../lib/gcc/arm-none-eabi/6.3.1/../../../../arm-none-eabi/lib/thumb/v7-m\libc.a(lib_a-utoa.o)
 .rodata._vfprintf_r.str1.4
                0x0800ac2d       0x42 c:/opt/ac6/systemworkbench/plugins/fr.ac6.mcu.externaltools.arm-none.win32_1.15.0.201708311556/tools/compiler/bin/../lib/gcc/arm-none-eabi/6.3.1/../../../../arm-none-eabi/lib/thumb/v7-m\libc.a(lib_a-vfprintf.o)
 *fill*         0x0800ac2d        0x3 
 .rodata.blanks.7238
                0x0800ac30       0x10 c:/opt/ac6/systemworkbench/plugins/fr.ac6.mcu.externaltools.arm-none.win32_1.15.0.201708311556/tools/compiler/bin/../lib/gcc/arm-none-eabi/6.3.1/../../../../arm-none-eabi/lib/thumb/v7-m\libc.a(lib_a-vfprintf.o)
 .rodata.zeroes.7239
                0x0800ac40       0x10 c:/opt/ac6/systemworkbench/plugins/fr.ac6.mcu.externaltools.arm-none.win32_1.15.0.201708311556/tools/compiler/bin/../lib/gcc/arm-none-eabi/6.3.1/../../../../arm-none-eabi/lib/thumb/v7-m\libc.a(lib_a-vfprintf.o)
 .rodata._dtoa_r.str1.4
                0x0800ac50       0x10 c:/opt/ac6/systemworkbench/plugins/fr.ac6.mcu.externaltools.arm-none.win32_1.15.0.201708311556/tools/compiler/bin/../lib/gcc/arm-none-eabi/6.3.1/../../../../arm-none-eabi/lib/thumb/v7-m\libc.a(lib_a-dtoa.o)
                                 0x12 (size before relaxing)
 .rodata.__mprec_bigtens
                0x0800ac60       0x28 c:/opt/ac6/systemworkbench/plugins/fr.ac6.mcu.externaltools.arm-none.win32_1.15.0.201708311556/tools/compiler/bin/../lib/gcc/arm-none-eabi/6.3.1/../../../../arm-none-eabi/lib/thumb/v7-m\libc.a(lib_a-mprec.o)
                0x0800ac60                __mprec_bigtens
 .rodata.__mprec_tens
                0x0800ac88       0xc8 c:/opt/ac6/systemworkbench/plugins/fr.ac6.mcu.externaltools.arm-none.win32_1.15.0.201708311556/tools/compiler/bin/../lib/gcc/arm-none-eabi/6.3.1/../../../../arm-none-eabi/lib/thumb/v7-m\libc.a(lib_a-mprec.o)
                0x0800ac88                __mprec_tens
 .rodata.p05.6055
                0x0800ad50        0xc c:/opt/ac6/systemworkbench/plugins/fr.ac6.mcu.externaltools.arm-none.win32_1.15.0.201708311556/tools/compiler/bin/../lib/gcc/arm-none-eabi/6.3.1/../../../../arm-none-eabi/lib/thumb/v7-m\libc.a(lib_a-mprec.o)
 .rodata._setlocale_r.str1.4
                0x0800ad5c        0xa c:/opt/ac6/systemworkbench/plugins/fr.ac6.mcu.externaltools.arm-none.win32_1.15.0.201708311556/tools/compiler/bin/../lib/gcc/arm-none-eabi/6.3.1/../../../../arm-none-eabi/lib/thumb/v7-m\libc.a(lib_a-locale.o)
                                  0xd (size before relaxing)
 *fill*         0x0800ad66        0x2 
 .rodata.str1.4
                0x0800ad68        0x4 c:/opt/ac6/systemworkbench/plugins/fr.ac6.mcu.externaltools.arm-none.win32_1.15.0.201708311556/tools/compiler/bin/../lib/gcc/arm-none-eabi/6.3.1/../../../../arm-none-eabi/lib/thumb/v7-m\libc.a(lib_a-locale.o)
                                  0x2 (size before relaxing)
 .rodata._ctype_
                0x0800ad6c      0x101 c:/opt/ac6/systemworkbench/plugins/fr.ac6.mcu.externaltools.arm-none.win32_1.15.0.201708311556/tools/compiler/bin/../lib/gcc/arm-none-eabi/6.3.1/../../../../arm-none-eabi/lib/thumb/v7-m\libc.a(lib_a-ctype_.o)
                0x0800ad6c                _ctype_
                0x0800ae70                . = ALIGN (0x4)
 *fill*         0x0800ae6d        0x3 

.ARM.extab      0x0800ae70        0x0
                0x0800ae70                . = ALIGN (0x4)
 *(.ARM.extab* .gnu.linkonce.armextab.*)
                0x0800ae70                . = ALIGN (0x4)

.ARM            0x0800ae70        0x8
                0x0800ae70                . = ALIGN (0x4)
                0x0800ae70                __exidx_start = .
 *(.ARM.exidx*)
 .ARM.exidx     0x0800ae70        0x8 c:/opt/ac6/systemworkbench/plugins/fr.ac6.mcu.externaltools.arm-none.win32_1.15.0.201708311556/tools/compiler/bin/../lib/gcc/arm-none-eabi/6.3.1/thumb/v7-m\libgcc.a(_udivmoddi4.o)
                0x0800ae78                __exidx_end = .
                0x0800ae78                . = ALIGN (0x4)

.rel.dyn        0x0800ae78        0x0
 .rel.iplt      0x0800ae78        0x0 c:/opt/ac6/systemworkbench/plugins/fr.ac6.mcu.externaltools.arm-none.win32_1.15.0.201708311556/tools/compiler/bin/../lib/gcc/arm-none-eabi/6.3.1/thumb/v7-m/crtbegin.o

.preinit_array  0x0800ae78        0x0
                0x0800ae78                . = ALIGN (0x4)
                0x0800ae78                PROVIDE (__preinit_array_start, .)
 *(.preinit_array*)
                0x0800ae78                PROVIDE (__preinit_array_end, .)
                0x0800ae78                . = ALIGN (0x4)

.init_array     0x0800ae78        0x8
                0x0800ae78                . = ALIGN (0x4)
                0x0800ae78                PROVIDE (__init_array_start, .)
 *(SORT(.init_array.*))
 .init_array.00000
                0x0800ae78        0x4 c:/opt/ac6/systemworkbench/plugins/fr.ac6.mcu.externaltools.arm-none.win32_1.15.0.201708311556/tools/compiler/bin/../lib/gcc/arm-none-eabi/6.3.1/../../../../arm-none-eabi/lib/thumb/v7-m\libc.a(lib_a-__call_atexit.o)
 *(.init_array*)
 .init_array    0x0800ae7c        0x4 c:/opt/ac6/systemworkbench/plugins/fr.ac6.mcu.externaltools.arm-none.win32_1.15.0.201708311556/tools/compiler/bin/../lib/gcc/arm-none-eabi/6.3.1/thumb/v7-m/crtbegin.o
                0x0800ae80                PROVIDE (__init_array_end, .)
                0x0800ae80                . = ALIGN (0x4)

.fini_array     0x0800ae80        0x4
                0x0800ae80                . = ALIGN (0x4)
                0x0800ae80                PROVIDE (__fini_array_start, .)
 *(SORT(.fini_array.*))
 *(.fini_array*)
 .fini_array    0x0800ae80        0x4 c:/opt/ac6/systemworkbench/plugins/fr.ac6.mcu.externaltools.arm-none.win32_1.15.0.201708311556/tools/compiler/bin/../lib/gcc/arm-none-eabi/6.3.1/thumb/v7-m/crtbegin.o
                0x0800ae84                PROVIDE (__fini_array_end, .)
                0x0800ae84                . = ALIGN (0x4)
                0x0800ae84                _sidata = LOADADDR (.data)

.data           0x20000000      0xa20 load address 0x0800ae84
                0x20000000                . = ALIGN (0x4)
                0x20000000                _sdata = .
 *(.data)
 .data          0x20000000       0x14 StdPeriph_Driver/src/stm32f10x_rcc.o
 .data          0x20000014        0x8 src/ds1302.o
                0x20000014                time_buf
 .data          0x2000001c        0x8 src/led.o
                0x2000001c                switch_time_green_to_red
                0x20000020                switch_time_red_to_green
 .data          0x20000024        0x2 src/main.o
                0x20000024                normal_mode
 *fill*         0x20000026        0x2 
 .data          0x20000028       0x14 src/system_stm32f10x.o
                0x20000028                SystemCoreClock
                0x2000002c                AHBPrescTable
 .data          0x2000003c       0x24 src/timer.o
                0x2000003c                TIM
                0x2000005c                TIM_IRQChannel
 .data          0x20000060       0x10 src/tm1638.o
                0x20000060                code_tab
 *(.data*)
 .data._impure_ptr
                0x20000070        0x4 c:/opt/ac6/systemworkbench/plugins/fr.ac6.mcu.externaltools.arm-none.win32_1.15.0.201708311556/tools/compiler/bin/../lib/gcc/arm-none-eabi/6.3.1/../../../../arm-none-eabi/lib/thumb/v7-m\libc.a(lib_a-impure.o)
                0x20000070                _impure_ptr
 *fill*         0x20000074        0x4 
 .data.impure_data
                0x20000078      0x428 c:/opt/ac6/systemworkbench/plugins/fr.ac6.mcu.externaltools.arm-none.win32_1.15.0.201708311556/tools/compiler/bin/../lib/gcc/arm-none-eabi/6.3.1/../../../../arm-none-eabi/lib/thumb/v7-m\libc.a(lib_a-impure.o)
 .data.__malloc_av_
                0x200004a0      0x408 c:/opt/ac6/systemworkbench/plugins/fr.ac6.mcu.externaltools.arm-none.win32_1.15.0.201708311556/tools/compiler/bin/../lib/gcc/arm-none-eabi/6.3.1/../../../../arm-none-eabi/lib/thumb/v7-m\libc.a(lib_a-mallocr.o)
                0x200004a0                __malloc_av_
 .data.__malloc_sbrk_base
                0x200008a8        0x4 c:/opt/ac6/systemworkbench/plugins/fr.ac6.mcu.externaltools.arm-none.win32_1.15.0.201708311556/tools/compiler/bin/../lib/gcc/arm-none-eabi/6.3.1/../../../../arm-none-eabi/lib/thumb/v7-m\libc.a(lib_a-mallocr.o)
                0x200008a8                __malloc_sbrk_base
 .data.__malloc_trim_threshold
                0x200008ac        0x4 c:/opt/ac6/systemworkbench/plugins/fr.ac6.mcu.externaltools.arm-none.win32_1.15.0.201708311556/tools/compiler/bin/../lib/gcc/arm-none-eabi/6.3.1/../../../../arm-none-eabi/lib/thumb/v7-m\libc.a(lib_a-mallocr.o)
                0x200008ac                __malloc_trim_threshold
 .data.__atexit_recursive_mutex
                0x200008b0        0x4 c:/opt/ac6/systemworkbench/plugins/fr.ac6.mcu.externaltools.arm-none.win32_1.15.0.201708311556/tools/compiler/bin/../lib/gcc/arm-none-eabi/6.3.1/../../../../arm-none-eabi/lib/thumb/v7-m\libc.a(lib_a-__call_atexit.o)
                0x200008b0                __atexit_recursive_mutex
 .data.__global_locale
                0x200008b4      0x16c c:/opt/ac6/systemworkbench/plugins/fr.ac6.mcu.externaltools.arm-none.win32_1.15.0.201708311556/tools/compiler/bin/../lib/gcc/arm-none-eabi/6.3.1/../../../../arm-none-eabi/lib/thumb/v7-m\libc.a(lib_a-locale.o)
                0x200008b4                __global_locale
                0x20000a20                . = ALIGN (0x4)
                0x20000a20                _edata = .

.jcr            0x20000a20        0x0 load address 0x0800b8a4
 .jcr           0x20000a20        0x0 c:/opt/ac6/systemworkbench/plugins/fr.ac6.mcu.externaltools.arm-none.win32_1.15.0.201708311556/tools/compiler/bin/../lib/gcc/arm-none-eabi/6.3.1/thumb/v7-m/crtbegin.o

.igot.plt       0x20000a20        0x0 load address 0x0800b8a4
 .igot.plt      0x20000a20        0x0 c:/opt/ac6/systemworkbench/plugins/fr.ac6.mcu.externaltools.arm-none.win32_1.15.0.201708311556/tools/compiler/bin/../lib/gcc/arm-none-eabi/6.3.1/thumb/v7-m/crtbegin.o
                0x20000a20                . = ALIGN (0x4)

.bss            0x20000a20      0x388 load address 0x0800b8a4
                0x20000a20                _sbss = .
                0x20000a20                __bss_start__ = _sbss
 *(.bss)
 .bss           0x20000a20       0x1c c:/opt/ac6/systemworkbench/plugins/fr.ac6.mcu.externaltools.arm-none.win32_1.15.0.201708311556/tools/compiler/bin/../lib/gcc/arm-none-eabi/6.3.1/thumb/v7-m/crtbegin.o
 .bss           0x20000a3c        0x4 src/delay.o
 .bss           0x20000a40        0x8 src/main.o
                0x20000a40                irq_time_sec
                0x20000a42                irq_time_k
                0x20000a44                high_peak_mode
                0x20000a46                cloud_ctrl
                0x20000a47                one_time
 .bss           0x20000a48        0x8 src/syscalls.o
                0x20000a48                __env
 .bss           0x20000a50        0x6 src/uart.o
                0x20000a50                uart_int_count
                0x20000a54                uart_full_flag
                0x20000a55                RxCounter
 *(.bss*)
 *fill*         0x20000a56        0x2 
 .bss.__malloc_current_mallinfo
                0x20000a58       0x28 c:/opt/ac6/systemworkbench/plugins/fr.ac6.mcu.externaltools.arm-none.win32_1.15.0.201708311556/tools/compiler/bin/../lib/gcc/arm-none-eabi/6.3.1/../../../../arm-none-eabi/lib/thumb/v7-m\libc.a(lib_a-mallocr.o)
                0x20000a58                __malloc_current_mallinfo
 .bss.__malloc_max_sbrked_mem
                0x20000a80        0x4 c:/opt/ac6/systemworkbench/plugins/fr.ac6.mcu.externaltools.arm-none.win32_1.15.0.201708311556/tools/compiler/bin/../lib/gcc/arm-none-eabi/6.3.1/../../../../arm-none-eabi/lib/thumb/v7-m\libc.a(lib_a-mallocr.o)
                0x20000a80                __malloc_max_sbrked_mem
 .bss.__malloc_max_total_mem
                0x20000a84        0x4 c:/opt/ac6/systemworkbench/plugins/fr.ac6.mcu.externaltools.arm-none.win32_1.15.0.201708311556/tools/compiler/bin/../lib/gcc/arm-none-eabi/6.3.1/../../../../arm-none-eabi/lib/thumb/v7-m\libc.a(lib_a-mallocr.o)
                0x20000a84                __malloc_max_total_mem
 .bss.__malloc_top_pad
                0x20000a88        0x4 c:/opt/ac6/systemworkbench/plugins/fr.ac6.mcu.externaltools.arm-none.win32_1.15.0.201708311556/tools/compiler/bin/../lib/gcc/arm-none-eabi/6.3.1/../../../../arm-none-eabi/lib/thumb/v7-m\libc.a(lib_a-mallocr.o)
                0x20000a88                __malloc_top_pad
 *(COMMON)
 COMMON         0x20000a8c      0x110 src/BC35.o
                0x20000a8c                command_str2
                0x20000a90                socket_number
                0x20000a94                BC35_Status
                0x20000b78                display
                0x20000b7c                bc35_receivedata
                0x20000b80                command_str1
                0x20000b84                strx
                0x20000b88                extstrx
                0x20000b8c                bc35_init_flag
                0x20000b90                bc35_socket_len
                0x20000b94                bc35_socket_num
                0x20000b98                bc35_receive
 COMMON         0x20000b9c       0x1c src/main.o
                0x20000b9c                uart1
                0x20000ba0                ds1302
                0x20000ba4                uart3
                0x20000ba8                ctrl_mode
                0x20000bac                num
                0x20000bb4                uart2
 COMMON         0x20000bb8      0x1c8 src/uart.o
                0x20000bb8                uart_buffer
                0x20000cb8                RxBuffer
 COMMON         0x20000d80       0x21 c:/opt/ac6/systemworkbench/plugins/fr.ac6.mcu.externaltools.arm-none.win32_1.15.0.201708311556/tools/compiler/bin/../lib/gcc/arm-none-eabi/6.3.1/../../../../arm-none-eabi/lib/thumb/v7-m\libc.a(lib_a-lock.o)
                0x20000d80                __lock___atexit_recursive_mutex
                0x20000d84                __lock___arc4random_mutex
                0x20000d88                __lock___env_recursive_mutex
                0x20000d8c                __lock___sinit_recursive_mutex
                0x20000d90                __lock___malloc_recursive_mutex
                0x20000d94                __lock___at_quick_exit_mutex
                0x20000d98                __lock___dd_hash_mutex
                0x20000d9c                __lock___tz_mutex
                0x20000da0                __lock___sfp_recursive_mutex
 *fill*         0x20000da1        0x3 
 COMMON         0x20000da4        0x4 c:/opt/ac6/systemworkbench/plugins/fr.ac6.mcu.externaltools.arm-none.win32_1.15.0.201708311556/tools/compiler/bin/../lib/gcc/arm-none-eabi/6.3.1/../../../../arm-none-eabi/lib/thumb/v7-m\libc.a(lib_a-reent.o)
                0x20000da4                errno
                0x20000da8                . = ALIGN (0x4)
                0x20000da8                _ebss = .
                0x20000da8                __bss_end__ = _ebss

._user_heap_stack
                0x20000da8      0x400 load address 0x0800b8a4
                0x20000da8                . = ALIGN (0x8)
                0x20000da8                PROVIDE (end, .)
                [!provide]                PROVIDE (_end, .)
                0x20000da8                . = (. + _Min_Heap_Size)
                0x200011a8                . = (. + _Min_Stack_Size)
 *fill*         0x20000da8      0x400 
                0x200011a8                . = ALIGN (0x8)

/DISCARD/
 libc.a(*)
 libm.a(*)
 libgcc.a(*)

.ARM.attributes
                0x00000000       0x29
 *(.ARM.attributes)
 .ARM.attributes
                0x00000000       0x1d c:/opt/ac6/systemworkbench/plugins/fr.ac6.mcu.externaltools.arm-none.win32_1.15.0.201708311556/tools/compiler/bin/../lib/gcc/arm-none-eabi/6.3.1/thumb/v7-m/crti.o
 .ARM.attributes
                0x0000001d       0x2d c:/opt/ac6/systemworkbench/plugins/fr.ac6.mcu.externaltools.arm-none.win32_1.15.0.201708311556/tools/compiler/bin/../lib/gcc/arm-none-eabi/6.3.1/thumb/v7-m/crtbegin.o
 .ARM.attributes
                0x0000004a       0x33 StdPeriph_Driver/src/misc.o
 .ARM.attributes
                0x0000007d       0x33 StdPeriph_Driver/src/stm32f10x_flash.o
 .ARM.attributes
                0x000000b0       0x33 StdPeriph_Driver/src/stm32f10x_gpio.o
 .ARM.attributes
                0x000000e3       0x33 StdPeriph_Driver/src/stm32f10x_rcc.o
 .ARM.attributes
                0x00000116       0x33 StdPeriph_Driver/src/stm32f10x_tim.o
 .ARM.attributes
                0x00000149       0x33 StdPeriph_Driver/src/stm32f10x_usart.o
 .ARM.attributes
                0x0000017c       0x33 src/BC35.o
 .ARM.attributes
                0x000001af       0x33 src/delay.o
 .ARM.attributes
                0x000001e2       0x33 src/ds1302.o
 .ARM.attributes
                0x00000215       0x33 src/led.o
 .ARM.attributes
                0x00000248       0x33 src/main.o
 .ARM.attributes
                0x0000027b       0x33 src/syscalls.o
 .ARM.attributes
                0x000002ae       0x33 src/system_stm32f10x.o
 .ARM.attributes
                0x000002e1       0x33 src/timer.o
 .ARM.attributes
                0x00000314       0x33 src/tm1638.o
 .ARM.attributes
                0x00000347       0x33 src/uart.o
 .ARM.attributes
                0x0000037a       0x21 startup/startup_stm32.o
 .ARM.attributes
                0x0000039b       0x2d c:/opt/ac6/systemworkbench/plugins/fr.ac6.mcu.externaltools.arm-none.win32_1.15.0.201708311556/tools/compiler/bin/../lib/gcc/arm-none-eabi/6.3.1/../../../../arm-none-eabi/lib/thumb/v7-m\libc.a(lib_a-errno.o)
 .ARM.attributes
                0x000003c8       0x2d c:/opt/ac6/systemworkbench/plugins/fr.ac6.mcu.externaltools.arm-none.win32_1.15.0.201708311556/tools/compiler/bin/../lib/gcc/arm-none-eabi/6.3.1/../../../../arm-none-eabi/lib/thumb/v7-m\libc.a(lib_a-impure.o)
 .ARM.attributes
                0x000003f5       0x2d c:/opt/ac6/systemworkbench/plugins/fr.ac6.mcu.externaltools.arm-none.win32_1.15.0.201708311556/tools/compiler/bin/../lib/gcc/arm-none-eabi/6.3.1/../../../../arm-none-eabi/lib/thumb/v7-m\libc.a(lib_a-init.o)
 .ARM.attributes
                0x00000422       0x2d c:/opt/ac6/systemworkbench/plugins/fr.ac6.mcu.externaltools.arm-none.win32_1.15.0.201708311556/tools/compiler/bin/../lib/gcc/arm-none-eabi/6.3.1/../../../../arm-none-eabi/lib/thumb/v7-m\libc.a(lib_a-itoa.o)
 .ARM.attributes
                0x0000044f       0x2d c:/opt/ac6/systemworkbench/plugins/fr.ac6.mcu.externaltools.arm-none.win32_1.15.0.201708311556/tools/compiler/bin/../lib/gcc/arm-none-eabi/6.3.1/../../../../arm-none-eabi/lib/thumb/v7-m\libc.a(lib_a-malloc.o)
 .ARM.attributes
                0x0000047c       0x2d c:/opt/ac6/systemworkbench/plugins/fr.ac6.mcu.externaltools.arm-none.win32_1.15.0.201708311556/tools/compiler/bin/../lib/gcc/arm-none-eabi/6.3.1/../../../../arm-none-eabi/lib/thumb/v7-m\libc.a(lib_a-mallocr.o)
 .ARM.attributes
                0x000004a9       0x1b c:/opt/ac6/systemworkbench/plugins/fr.ac6.mcu.externaltools.arm-none.win32_1.15.0.201708311556/tools/compiler/bin/../lib/gcc/arm-none-eabi/6.3.1/../../../../arm-none-eabi/lib/thumb/v7-m\libc.a(lib_a-memcpy.o)
 .ARM.attributes
                0x000004c4       0x2d c:/opt/ac6/systemworkbench/plugins/fr.ac6.mcu.externaltools.arm-none.win32_1.15.0.201708311556/tools/compiler/bin/../lib/gcc/arm-none-eabi/6.3.1/../../../../arm-none-eabi/lib/thumb/v7-m\libc.a(lib_a-memset.o)
 .ARM.attributes
                0x000004f1       0x2d c:/opt/ac6/systemworkbench/plugins/fr.ac6.mcu.externaltools.arm-none.win32_1.15.0.201708311556/tools/compiler/bin/../lib/gcc/arm-none-eabi/6.3.1/../../../../arm-none-eabi/lib/thumb/v7-m\libc.a(lib_a-mlock.o)
 .ARM.attributes
                0x0000051e       0x2d c:/opt/ac6/systemworkbench/plugins/fr.ac6.mcu.externaltools.arm-none.win32_1.15.0.201708311556/tools/compiler/bin/../lib/gcc/arm-none-eabi/6.3.1/../../../../arm-none-eabi/lib/thumb/v7-m\libc.a(lib_a-printf.o)
 .ARM.attributes
                0x0000054b       0x2d c:/opt/ac6/systemworkbench/plugins/fr.ac6.mcu.externaltools.arm-none.win32_1.15.0.201708311556/tools/compiler/bin/../lib/gcc/arm-none-eabi/6.3.1/../../../../arm-none-eabi/lib/thumb/v7-m\libc.a(lib_a-puts.o)
 .ARM.attributes
                0x00000578       0x2d c:/opt/ac6/systemworkbench/plugins/fr.ac6.mcu.externaltools.arm-none.win32_1.15.0.201708311556/tools/compiler/bin/../lib/gcc/arm-none-eabi/6.3.1/../../../../arm-none-eabi/lib/thumb/v7-m\libc.a(lib_a-sbrkr.o)
 .ARM.attributes
                0x000005a5       0x2d c:/opt/ac6/systemworkbench/plugins/fr.ac6.mcu.externaltools.arm-none.win32_1.15.0.201708311556/tools/compiler/bin/../lib/gcc/arm-none-eabi/6.3.1/../../../../arm-none-eabi/lib/thumb/v7-m\libc.a(lib_a-sprintf.o)
 .ARM.attributes
                0x000005d2       0x2d c:/opt/ac6/systemworkbench/plugins/fr.ac6.mcu.externaltools.arm-none.win32_1.15.0.201708311556/tools/compiler/bin/../lib/gcc/arm-none-eabi/6.3.1/../../../../arm-none-eabi/lib/thumb/v7-m\libc.a(lib_a-strlen-stub.o)
 .ARM.attributes
                0x000005ff       0x2d c:/opt/ac6/systemworkbench/plugins/fr.ac6.mcu.externaltools.arm-none.win32_1.15.0.201708311556/tools/compiler/bin/../lib/gcc/arm-none-eabi/6.3.1/../../../../arm-none-eabi/lib/thumb/v7-m\libc.a(lib_a-strstr.o)
 .ARM.attributes
                0x0000062c       0x2d c:/opt/ac6/systemworkbench/plugins/fr.ac6.mcu.externaltools.arm-none.win32_1.15.0.201708311556/tools/compiler/bin/../lib/gcc/arm-none-eabi/6.3.1/../../../../arm-none-eabi/lib/thumb/v7-m\libc.a(lib_a-svfprintf.o)
 .ARM.attributes
                0x00000659       0x2d c:/opt/ac6/systemworkbench/plugins/fr.ac6.mcu.externaltools.arm-none.win32_1.15.0.201708311556/tools/compiler/bin/../lib/gcc/arm-none-eabi/6.3.1/../../../../arm-none-eabi/lib/thumb/v7-m\libc.a(lib_a-utoa.o)
 .ARM.attributes
                0x00000686       0x2d c:/opt/ac6/systemworkbench/plugins/fr.ac6.mcu.externaltools.arm-none.win32_1.15.0.201708311556/tools/compiler/bin/../lib/gcc/arm-none-eabi/6.3.1/../../../../arm-none-eabi/lib/thumb/v7-m\libc.a(lib_a-vfprintf.o)
 .ARM.attributes
                0x000006b3       0x2d c:/opt/ac6/systemworkbench/plugins/fr.ac6.mcu.externaltools.arm-none.win32_1.15.0.201708311556/tools/compiler/bin/../lib/gcc/arm-none-eabi/6.3.1/../../../../arm-none-eabi/lib/thumb/v7-m\libc.a(lib_a-wsetup.o)
 .ARM.attributes
                0x000006e0       0x2d c:/opt/ac6/systemworkbench/plugins/fr.ac6.mcu.externaltools.arm-none.win32_1.15.0.201708311556/tools/compiler/bin/../lib/gcc/arm-none-eabi/6.3.1/../../../../arm-none-eabi/lib/thumb/v7-m\libc.a(lib_a-__call_atexit.o)
 .ARM.attributes
                0x0000070d       0x2d c:/opt/ac6/systemworkbench/plugins/fr.ac6.mcu.externaltools.arm-none.win32_1.15.0.201708311556/tools/compiler/bin/../lib/gcc/arm-none-eabi/6.3.1/../../../../arm-none-eabi/lib/thumb/v7-m\libc.a(lib_a-atexit.o)
 .ARM.attributes
                0x0000073a       0x2d c:/opt/ac6/systemworkbench/plugins/fr.ac6.mcu.externaltools.arm-none.win32_1.15.0.201708311556/tools/compiler/bin/../lib/gcc/arm-none-eabi/6.3.1/../../../../arm-none-eabi/lib/thumb/v7-m\libc.a(lib_a-dtoa.o)
 .ARM.attributes
                0x00000767       0x2d c:/opt/ac6/systemworkbench/plugins/fr.ac6.mcu.externaltools.arm-none.win32_1.15.0.201708311556/tools/compiler/bin/../lib/gcc/arm-none-eabi/6.3.1/../../../../arm-none-eabi/lib/thumb/v7-m\libc.a(lib_a-fflush.o)
 .ARM.attributes
                0x00000794       0x2d c:/opt/ac6/systemworkbench/plugins/fr.ac6.mcu.externaltools.arm-none.win32_1.15.0.201708311556/tools/compiler/bin/../lib/gcc/arm-none-eabi/6.3.1/../../../../arm-none-eabi/lib/thumb/v7-m\libc.a(lib_a-findfp.o)
 .ARM.attributes
                0x000007c1       0x2d c:/opt/ac6/systemworkbench/plugins/fr.ac6.mcu.externaltools.arm-none.win32_1.15.0.201708311556/tools/compiler/bin/../lib/gcc/arm-none-eabi/6.3.1/../../../../arm-none-eabi/lib/thumb/v7-m\libc.a(lib_a-fini.o)
 .ARM.attributes
                0x000007ee       0x2d c:/opt/ac6/systemworkbench/plugins/fr.ac6.mcu.externaltools.arm-none.win32_1.15.0.201708311556/tools/compiler/bin/../lib/gcc/arm-none-eabi/6.3.1/../../../../arm-none-eabi/lib/thumb/v7-m\libc.a(lib_a-freer.o)
 .ARM.attributes
                0x0000081b       0x2d c:/opt/ac6/systemworkbench/plugins/fr.ac6.mcu.externaltools.arm-none.win32_1.15.0.201708311556/tools/compiler/bin/../lib/gcc/arm-none-eabi/6.3.1/../../../../arm-none-eabi/lib/thumb/v7-m\libc.a(lib_a-fvwrite.o)
 .ARM.attributes
                0x00000848       0x2d c:/opt/ac6/systemworkbench/plugins/fr.ac6.mcu.externaltools.arm-none.win32_1.15.0.201708311556/tools/compiler/bin/../lib/gcc/arm-none-eabi/6.3.1/../../../../arm-none-eabi/lib/thumb/v7-m\libc.a(lib_a-fwalk.o)
 .ARM.attributes
                0x00000875       0x2d c:/opt/ac6/systemworkbench/plugins/fr.ac6.mcu.externaltools.arm-none.win32_1.15.0.201708311556/tools/compiler/bin/../lib/gcc/arm-none-eabi/6.3.1/../../../../arm-none-eabi/lib/thumb/v7-m\libc.a(lib_a-localeconv.o)
 .ARM.attributes
                0x000008a2       0x2d c:/opt/ac6/systemworkbench/plugins/fr.ac6.mcu.externaltools.arm-none.win32_1.15.0.201708311556/tools/compiler/bin/../lib/gcc/arm-none-eabi/6.3.1/../../../../arm-none-eabi/lib/thumb/v7-m\libc.a(lib_a-lock.o)
 .ARM.attributes
                0x000008cf       0x2d c:/opt/ac6/systemworkbench/plugins/fr.ac6.mcu.externaltools.arm-none.win32_1.15.0.201708311556/tools/compiler/bin/../lib/gcc/arm-none-eabi/6.3.1/../../../../arm-none-eabi/lib/thumb/v7-m\libc.a(lib_a-makebuf.o)
 .ARM.attributes
                0x000008fc       0x2d c:/opt/ac6/systemworkbench/plugins/fr.ac6.mcu.externaltools.arm-none.win32_1.15.0.201708311556/tools/compiler/bin/../lib/gcc/arm-none-eabi/6.3.1/../../../../arm-none-eabi/lib/thumb/v7-m\libc.a(lib_a-memchr-stub.o)
 .ARM.attributes
                0x00000929       0x2d c:/opt/ac6/systemworkbench/plugins/fr.ac6.mcu.externaltools.arm-none.win32_1.15.0.201708311556/tools/compiler/bin/../lib/gcc/arm-none-eabi/6.3.1/../../../../arm-none-eabi/lib/thumb/v7-m\libc.a(lib_a-memcmp.o)
 .ARM.attributes
                0x00000956       0x2d c:/opt/ac6/systemworkbench/plugins/fr.ac6.mcu.externaltools.arm-none.win32_1.15.0.201708311556/tools/compiler/bin/../lib/gcc/arm-none-eabi/6.3.1/../../../../arm-none-eabi/lib/thumb/v7-m\libc.a(lib_a-memmove.o)
 .ARM.attributes
                0x00000983       0x2d c:/opt/ac6/systemworkbench/plugins/fr.ac6.mcu.externaltools.arm-none.win32_1.15.0.201708311556/tools/compiler/bin/../lib/gcc/arm-none-eabi/6.3.1/../../../../arm-none-eabi/lib/thumb/v7-m\libc.a(lib_a-mprec.o)
 .ARM.attributes
                0x000009b0       0x2d c:/opt/ac6/systemworkbench/plugins/fr.ac6.mcu.externaltools.arm-none.win32_1.15.0.201708311556/tools/compiler/bin/../lib/gcc/arm-none-eabi/6.3.1/../../../../arm-none-eabi/lib/thumb/v7-m\libc.a(lib_a-reallocr.o)
 .ARM.attributes
                0x000009dd       0x2d c:/opt/ac6/systemworkbench/plugins/fr.ac6.mcu.externaltools.arm-none.win32_1.15.0.201708311556/tools/compiler/bin/../lib/gcc/arm-none-eabi/6.3.1/../../../../arm-none-eabi/lib/thumb/v7-m\libc.a(lib_a-reent.o)
 .ARM.attributes
                0x00000a0a       0x2d c:/opt/ac6/systemworkbench/plugins/fr.ac6.mcu.externaltools.arm-none.win32_1.15.0.201708311556/tools/compiler/bin/../lib/gcc/arm-none-eabi/6.3.1/../../../../arm-none-eabi/lib/thumb/v7-m\libc.a(lib_a-stdio.o)
 .ARM.attributes
                0x00000a37       0x2d c:/opt/ac6/systemworkbench/plugins/fr.ac6.mcu.externaltools.arm-none.win32_1.15.0.201708311556/tools/compiler/bin/../lib/gcc/arm-none-eabi/6.3.1/../../../../arm-none-eabi/lib/thumb/v7-m\libc.a(lib_a-strchr.o)
 .ARM.attributes
                0x00000a64       0x2d c:/opt/ac6/systemworkbench/plugins/fr.ac6.mcu.externaltools.arm-none.win32_1.15.0.201708311556/tools/compiler/bin/../lib/gcc/arm-none-eabi/6.3.1/../../../../arm-none-eabi/lib/thumb/v7-m\libc.a(lib_a-svfiprintf.o)
 .ARM.attributes
                0x00000a91       0x2d c:/opt/ac6/systemworkbench/plugins/fr.ac6.mcu.externaltools.arm-none.win32_1.15.0.201708311556/tools/compiler/bin/../lib/gcc/arm-none-eabi/6.3.1/../../../../arm-none-eabi/lib/thumb/v7-m\libc.a(lib_a-vfiprintf.o)
 .ARM.attributes
                0x00000abe       0x2d c:/opt/ac6/systemworkbench/plugins/fr.ac6.mcu.externaltools.arm-none.win32_1.15.0.201708311556/tools/compiler/bin/../lib/gcc/arm-none-eabi/6.3.1/../../../../arm-none-eabi/lib/thumb/v7-m\libc.a(lib_a-writer.o)
 .ARM.attributes
                0x00000aeb       0x2d c:/opt/ac6/systemworkbench/plugins/fr.ac6.mcu.externaltools.arm-none.win32_1.15.0.201708311556/tools/compiler/bin/../lib/gcc/arm-none-eabi/6.3.1/../../../../arm-none-eabi/lib/thumb/v7-m\libc.a(lib_a-__atexit.o)
 .ARM.attributes
                0x00000b18       0x2d c:/opt/ac6/systemworkbench/plugins/fr.ac6.mcu.externaltools.arm-none.win32_1.15.0.201708311556/tools/compiler/bin/../lib/gcc/arm-none-eabi/6.3.1/../../../../arm-none-eabi/lib/thumb/v7-m\libc.a(lib_a-callocr.o)
 .ARM.attributes
                0x00000b45       0x2d c:/opt/ac6/systemworkbench/plugins/fr.ac6.mcu.externaltools.arm-none.win32_1.15.0.201708311556/tools/compiler/bin/../lib/gcc/arm-none-eabi/6.3.1/../../../../arm-none-eabi/lib/thumb/v7-m\libc.a(lib_a-closer.o)
 .ARM.attributes
                0x00000b72       0x2d c:/opt/ac6/systemworkbench/plugins/fr.ac6.mcu.externaltools.arm-none.win32_1.15.0.201708311556/tools/compiler/bin/../lib/gcc/arm-none-eabi/6.3.1/../../../../arm-none-eabi/lib/thumb/v7-m\libc.a(lib_a-fclose.o)
 .ARM.attributes
                0x00000b9f       0x2d c:/opt/ac6/systemworkbench/plugins/fr.ac6.mcu.externaltools.arm-none.win32_1.15.0.201708311556/tools/compiler/bin/../lib/gcc/arm-none-eabi/6.3.1/../../../../arm-none-eabi/lib/thumb/v7-m\libc.a(lib_a-fputwc.o)
 .ARM.attributes
                0x00000bcc       0x2d c:/opt/ac6/systemworkbench/plugins/fr.ac6.mcu.externaltools.arm-none.win32_1.15.0.201708311556/tools/compiler/bin/../lib/gcc/arm-none-eabi/6.3.1/../../../../arm-none-eabi/lib/thumb/v7-m\libc.a(lib_a-fstatr.o)
 .ARM.attributes
                0x00000bf9       0x2d c:/opt/ac6/systemworkbench/plugins/fr.ac6.mcu.externaltools.arm-none.win32_1.15.0.201708311556/tools/compiler/bin/../lib/gcc/arm-none-eabi/6.3.1/../../../../arm-none-eabi/lib/thumb/v7-m\libc.a(lib_a-isattyr.o)
 .ARM.attributes
                0x00000c26       0x2d c:/opt/ac6/systemworkbench/plugins/fr.ac6.mcu.externaltools.arm-none.win32_1.15.0.201708311556/tools/compiler/bin/../lib/gcc/arm-none-eabi/6.3.1/../../../../arm-none-eabi/lib/thumb/v7-m\libc.a(lib_a-locale.o)
 .ARM.attributes
                0x00000c53       0x2d c:/opt/ac6/systemworkbench/plugins/fr.ac6.mcu.externaltools.arm-none.win32_1.15.0.201708311556/tools/compiler/bin/../lib/gcc/arm-none-eabi/6.3.1/../../../../arm-none-eabi/lib/thumb/v7-m\libc.a(lib_a-lseekr.o)
 .ARM.attributes
                0x00000c80       0x2d c:/opt/ac6/systemworkbench/plugins/fr.ac6.mcu.externaltools.arm-none.win32_1.15.0.201708311556/tools/compiler/bin/../lib/gcc/arm-none-eabi/6.3.1/../../../../arm-none-eabi/lib/thumb/v7-m\libc.a(lib_a-mbtowc_r.o)
 .ARM.attributes
                0x00000cad       0x2d c:/opt/ac6/systemworkbench/plugins/fr.ac6.mcu.externaltools.arm-none.win32_1.15.0.201708311556/tools/compiler/bin/../lib/gcc/arm-none-eabi/6.3.1/../../../../arm-none-eabi/lib/thumb/v7-m\libc.a(lib_a-readr.o)
 .ARM.attributes
                0x00000cda       0x2d c:/opt/ac6/systemworkbench/plugins/fr.ac6.mcu.externaltools.arm-none.win32_1.15.0.201708311556/tools/compiler/bin/../lib/gcc/arm-none-eabi/6.3.1/../../../../arm-none-eabi/lib/thumb/v7-m\libc.a(lib_a-wbuf.o)
 .ARM.attributes
                0x00000d07       0x2d c:/opt/ac6/systemworkbench/plugins/fr.ac6.mcu.externaltools.arm-none.win32_1.15.0.201708311556/tools/compiler/bin/../lib/gcc/arm-none-eabi/6.3.1/../../../../arm-none-eabi/lib/thumb/v7-m\libc.a(lib_a-wcrtomb.o)
 .ARM.attributes
                0x00000d34       0x2d c:/opt/ac6/systemworkbench/plugins/fr.ac6.mcu.externaltools.arm-none.win32_1.15.0.201708311556/tools/compiler/bin/../lib/gcc/arm-none-eabi/6.3.1/../../../../arm-none-eabi/lib/thumb/v7-m\libc.a(lib_a-wctomb_r.o)
 .ARM.attributes
                0x00000d61       0x2d c:/opt/ac6/systemworkbench/plugins/fr.ac6.mcu.externaltools.arm-none.win32_1.15.0.201708311556/tools/compiler/bin/../lib/gcc/arm-none-eabi/6.3.1/../../../../arm-none-eabi/lib/thumb/v7-m\libc.a(lib_a-ctype_.o)
 .ARM.attributes
                0x00000d8e       0x1d c:/opt/ac6/systemworkbench/plugins/fr.ac6.mcu.externaltools.arm-none.win32_1.15.0.201708311556/tools/compiler/bin/../lib/gcc/arm-none-eabi/6.3.1/thumb/v7-m\libgcc.a(_arm_addsubdf3.o)
 .ARM.attributes
                0x00000dab       0x1d c:/opt/ac6/systemworkbench/plugins/fr.ac6.mcu.externaltools.arm-none.win32_1.15.0.201708311556/tools/compiler/bin/../lib/gcc/arm-none-eabi/6.3.1/thumb/v7-m\libgcc.a(_arm_muldivdf3.o)
 .ARM.attributes
                0x00000dc8       0x1d c:/opt/ac6/systemworkbench/plugins/fr.ac6.mcu.externaltools.arm-none.win32_1.15.0.201708311556/tools/compiler/bin/../lib/gcc/arm-none-eabi/6.3.1/thumb/v7-m\libgcc.a(_arm_cmpdf2.o)
 .ARM.attributes
                0x00000de5       0x1d c:/opt/ac6/systemworkbench/plugins/fr.ac6.mcu.externaltools.arm-none.win32_1.15.0.201708311556/tools/compiler/bin/../lib/gcc/arm-none-eabi/6.3.1/thumb/v7-m\libgcc.a(_arm_unorddf2.o)
 .ARM.attributes
                0x00000e02       0x1d c:/opt/ac6/systemworkbench/plugins/fr.ac6.mcu.externaltools.arm-none.win32_1.15.0.201708311556/tools/compiler/bin/../lib/gcc/arm-none-eabi/6.3.1/thumb/v7-m\libgcc.a(_arm_fixdfsi.o)
 .ARM.attributes
                0x00000e1f       0x1d c:/opt/ac6/systemworkbench/plugins/fr.ac6.mcu.externaltools.arm-none.win32_1.15.0.201708311556/tools/compiler/bin/../lib/gcc/arm-none-eabi/6.3.1/thumb/v7-m\libgcc.a(_aeabi_uldivmod.o)
 .ARM.attributes
                0x00000e3c       0x2d c:/opt/ac6/systemworkbench/plugins/fr.ac6.mcu.externaltools.arm-none.win32_1.15.0.201708311556/tools/compiler/bin/../lib/gcc/arm-none-eabi/6.3.1/thumb/v7-m\libgcc.a(_udivmoddi4.o)
 .ARM.attributes
                0x00000e69       0x1d c:/opt/ac6/systemworkbench/plugins/fr.ac6.mcu.externaltools.arm-none.win32_1.15.0.201708311556/tools/compiler/bin/../lib/gcc/arm-none-eabi/6.3.1/thumb/v7-m\libgcc.a(_dvmd_tls.o)
 .ARM.attributes
                0x00000e86       0x1d c:/opt/ac6/systemworkbench/plugins/fr.ac6.mcu.externaltools.arm-none.win32_1.15.0.201708311556/tools/compiler/bin/../lib/gcc/arm-none-eabi/6.3.1/thumb/v7-m/crtn.o
OUTPUT(C04_BC35_TUBE_LEDS_F103C8T6_AC6.elf elf32-littlearm)

.debug_info     0x00000000     0xc334
 .debug_info    0x00000000      0x4ed StdPeriph_Driver/src/misc.o
 .debug_info    0x000004ed      0x7b6 StdPeriph_Driver/src/stm32f10x_flash.o
 .debug_info    0x00000ca3      0x6ef StdPeriph_Driver/src/stm32f10x_gpio.o
 .debug_info    0x00001392      0x8a0 StdPeriph_Driver/src/stm32f10x_rcc.o
 .debug_info    0x00001c32     0x1c59 StdPeriph_Driver/src/stm32f10x_tim.o
 .debug_info    0x0000388b      0x9e9 StdPeriph_Driver/src/stm32f10x_usart.o
 .debug_info    0x00004274      0xf34 src/BC35.o
 .debug_info    0x000051a8      0x1cb src/delay.o
 .debug_info    0x00005373      0xf03 src/ds1302.o
 .debug_info    0x00006276      0xab7 src/led.o
 .debug_info    0x00006d2d     0x1498 src/main.o
 .debug_info    0x000081c5      0xf2a src/syscalls.o
 .debug_info    0x000090ef      0x456 src/system_stm32f10x.o
 .debug_info    0x00009545      0xef5 src/timer.o
 .debug_info    0x0000a43a      0xc09 src/tm1638.o
 .debug_info    0x0000b043     0x1241 src/uart.o
 .debug_info    0x0000c284       0xb0 startup/startup_stm32.o

.debug_abbrev   0x00000000     0x2201
 .debug_abbrev  0x00000000      0x184 StdPeriph_Driver/src/misc.o
 .debug_abbrev  0x00000184      0x1a3 StdPeriph_Driver/src/stm32f10x_flash.o
 .debug_abbrev  0x00000327      0x1e0 StdPeriph_Driver/src/stm32f10x_gpio.o
 .debug_abbrev  0x00000507      0x1d2 StdPeriph_Driver/src/stm32f10x_rcc.o
 .debug_abbrev  0x000006d9      0x1c6 StdPeriph_Driver/src/stm32f10x_tim.o
 .debug_abbrev  0x0000089f      0x192 StdPeriph_Driver/src/stm32f10x_usart.o
 .debug_abbrev  0x00000a31      0x2ae src/BC35.o
 .debug_abbrev  0x00000cdf       0xff src/delay.o
 .debug_abbrev  0x00000dde      0x288 src/ds1302.o
 .debug_abbrev  0x00001066      0x22e src/led.o
 .debug_abbrev  0x00001294      0x318 src/main.o
 .debug_abbrev  0x000015ac      0x2aa src/syscalls.o
 .debug_abbrev  0x00001856      0x19c src/system_stm32f10x.o
 .debug_abbrev  0x000019f2      0x29f src/timer.o
 .debug_abbrev  0x00001c91      0x27a src/tm1638.o
 .debug_abbrev  0x00001f0b      0x2e4 src/uart.o
 .debug_abbrev  0x000021ef       0x12 startup/startup_stm32.o

.debug_aranges  0x00000000      0xa88
 .debug_aranges
                0x00000000       0x40 StdPeriph_Driver/src/misc.o
 .debug_aranges
                0x00000040       0xf8 StdPeriph_Driver/src/stm32f10x_flash.o
 .debug_aranges
                0x00000138       0xa8 StdPeriph_Driver/src/stm32f10x_gpio.o
 .debug_aranges
                0x000001e0      0x118 StdPeriph_Driver/src/stm32f10x_rcc.o
 .debug_aranges
                0x000002f8      0x2f0 StdPeriph_Driver/src/stm32f10x_tim.o
 .debug_aranges
                0x000005e8      0x100 StdPeriph_Driver/src/stm32f10x_usart.o
 .debug_aranges
                0x000006e8       0x48 src/BC35.o
 .debug_aranges
                0x00000730       0x30 src/delay.o
 .debug_aranges
                0x00000760       0x68 src/ds1302.o
 .debug_aranges
                0x000007c8       0x30 src/led.o
 .debug_aranges
                0x000007f8       0x50 src/main.o